[    0.000000] Initializing cgroup subsys cpuset
[    0.000000] Initializing cgroup subsys cpu
[    0.000000] Initializing cgroup subsys cpuacct
[    0.000000] Linux version 4.4.0-208-generic (buildd@lcy01-amd64-014) (gcc version 5.4.0 20160609 (Ubuntu 5.4.0-6ubuntu1~16.04.12) ) #240-Ubuntu SMP Thu Apr 1 11:08:43 UTC 2021 (Ubuntu 4.4.0-208.240-generic 4.4.262)
[    0.000000] Command line: BOOT_IMAGE=/boot/vmlinuz-4.4.0-208-generic root=LABEL=cloudimg-rootfs ro console=tty1 console=ttyS0
[    0.000000] KERNEL supported cpus:
[    0.000000]   Intel GenuineIntel
[    0.000000]   AMD AuthenticAMD
[    0.000000]   Centaur CentaurHauls
[    0.000000] x86/fpu: xstate_offset[2]:  576, xstate_sizes[2]:  256
[    0.000000] x86/fpu: Supporting XSAVE feature 0x01: 'x87 floating point registers'
[    0.000000] x86/fpu: Supporting XSAVE feature 0x02: 'SSE registers'
[    0.000000] x86/fpu: Supporting XSAVE feature 0x04: 'AVX registers'
[    0.000000] x86/fpu: Enabled xstate features 0x7, context size is 832 bytes, using 'standard' format.
[    0.000000] e820: BIOS-provided physical RAM map:
[    0.000000] BIOS-e820: [mem 0x0000000000000000-0x000000000009fbff] usable
[    0.000000] BIOS-e820: [mem 0x000000000009fc00-0x000000000009ffff] reserved
[    0.000000] BIOS-e820: [mem 0x00000000000f0000-0x00000000000fffff] reserved
[    0.000000] BIOS-e820: [mem 0x0000000000100000-0x000000001ffeffff] usable
[    0.000000] BIOS-e820: [mem 0x000000001fff0000-0x000000001fffffff] ACPI data
[    0.000000] BIOS-e820: [mem 0x00000000fec00000-0x00000000fec00fff] reserved
[    0.000000] BIOS-e820: [mem 0x00000000fee00000-0x00000000fee00fff] reserved
[    0.000000] BIOS-e820: [mem 0x00000000fffc0000-0x00000000ffffffff] reserved
[    0.000000] NX (Execute Disable) protection: active
[    0.000000] SMBIOS 2.5 present.
[    0.000000] Hypervisor detected: KVM
[    0.000000] e820: last_pfn = 0x1fff0 max_arch_pfn = 0x400000000
[    0.000000] MTRR: Disabled
[    0.000000] x86/PAT: MTRRs disabled, skipping PAT initialization too.
[    0.000000] CPU MTRRs all blank - virtualized system.
[    0.000000] x86/PAT: Configuration [0-7]: WB  WT  UC- UC  WB  WT  UC- UC  
[    0.000000] found SMP MP-table at [mem 0x0009fff0-0x0009ffff] mapped at [ffff88000009fff0]
[    0.000000] Scanning 1 areas for low memory corruption
[    0.000000] RAMDISK: [mem 0x1e8ae000-0x1f736fff]
[    0.000000] ACPI: Early table checksum verification disabled
[    0.000000] ACPI: RSDP 0x00000000000E0000 000024 (v02 VBOX  )
[    0.000000] ACPI: XSDT 0x000000001FFF0030 00003C (v01 VBOX   VBOXXSDT 00000001 ASL  00000061)
[    0.000000] ACPI: FACP 0x000000001FFF00F0 0000F4 (v04 VBOX   VBOXFACP 00000001 ASL  00000061)
[    0.000000] ACPI: DSDT 0x000000001FFF0470 002325 (v02 VBOX   VBOXBIOS 00000002 INTL 20190509)
[    0.000000] ACPI: FACS 0x000000001FFF0200 000040
[    0.000000] ACPI: FACS 0x000000001FFF0200 000040
[    0.000000] ACPI: APIC 0x000000001FFF0240 00005C (v02 VBOX   VBOXAPIC 00000001 ASL  00000061)
[    0.000000] ACPI: SSDT 0x000000001FFF02A0 0001CC (v01 VBOX   VBOXCPUT 00000002 INTL 20190509)
[    0.000000] No NUMA configuration found
[    0.000000] Faking a node at [mem 0x0000000000000000-0x000000001ffeffff]
[    0.000000] NODE_DATA(0) allocated [mem 0x1ffeb000-0x1ffeffff]
[    0.000000] kvm-clock: Using msrs 4b564d01 and 4b564d00
[    0.000000] kvm-clock: cpu 0, msr 0:1ffe3001, primary cpu clock
[    0.000000] kvm-clock: using sched offset of 8120414580 cycles
[    0.000000] clocksource: kvm-clock: mask: 0xffffffffffffffff max_cycles: 0x1cd42e4dffb, max_idle_ns: 881590591483 ns
[    0.000000] Zone ranges:
[    0.000000]   DMA      [mem 0x0000000000001000-0x0000000000ffffff]
[    0.000000]   DMA32    [mem 0x0000000001000000-0x000000001ffeffff]
[    0.000000]   Normal   empty
[    0.000000]   Device   empty
[    0.000000] Movable zone start for each node
[    0.000000] Early memory node ranges
[    0.000000]   node   0: [mem 0x0000000000001000-0x000000000009efff]
[    0.000000]   node   0: [mem 0x0000000000100000-0x000000001ffeffff]
[    0.000000] Initmem setup node 0 [mem 0x0000000000001000-0x000000001ffeffff]
[    0.000000] ACPI: PM-Timer IO Port: 0x4008
[    0.000000] IOAPIC[0]: apic_id 2, version 32, address 0xfec00000, GSI 0-23
[    0.000000] ACPI: INT_SRC_OVR (bus 0 bus_irq 0 global_irq 2 dfl dfl)
[    0.000000] ACPI: INT_SRC_OVR (bus 0 bus_irq 9 global_irq 9 low level)
[    0.000000] Using ACPI (MADT) for SMP configuration information
[    0.000000] smpboot: Allowing 2 CPUs, 0 hotplug CPUs
[    0.000000] PM: Registered nosave memory: [mem 0x00000000-0x00000fff]
[    0.000000] PM: Registered nosave memory: [mem 0x0009f000-0x0009ffff]
[    0.000000] PM: Registered nosave memory: [mem 0x000a0000-0x000effff]
[    0.000000] PM: Registered nosave memory: [mem 0x000f0000-0x000fffff]
[    0.000000] e820: [mem 0x20000000-0xfebfffff] available for PCI devices
[    0.000000] Booting paravirtualized kernel on KVM
[    0.000000] clocksource: refined-jiffies: mask: 0xffffffff max_cycles: 0xffffffff, max_idle_ns: 7645519600211568 ns
[    0.000000] setup_percpu: NR_CPUS:512 nr_cpumask_bits:512 nr_cpu_ids:2 nr_node_ids:1
[    0.000000] PERCPU: Embedded 33 pages/cpu @ffff88001fc00000 s95192 r8192 d31784 u1048576
[    0.000000] Built 1 zonelists in Node order, mobility grouping on.  Total pages: 128888
[    0.000000] Policy zone: DMA32
[    0.000000] Kernel command line: BOOT_IMAGE=/boot/vmlinuz-4.4.0-208-generic root=LABEL=cloudimg-rootfs ro console=tty1 console=ttyS0
[    0.000000] PID hash table entries: 2048 (order: 2, 16384 bytes)
[    0.000000] Memory: 481716K/523832K available (8644K kernel code, 1332K rwdata, 4044K rodata, 1492K init, 1164K bss, 42116K reserved, 0K cma-reserved)
[    0.000000] SLUB: HWalign=64, Order=0-3, MinObjects=0, CPUs=2, Nodes=1
[    0.000000] Kernel/User page tables isolation: enabled
[    0.000000] Hierarchical RCU implementation.
[    0.000000] 	Build-time adjustment of leaf fanout to 64.
[    0.000000] 	RCU restricting CPUs from NR_CPUS=512 to nr_cpu_ids=2.
[    0.000000] RCU: Adjusting geometry for rcu_fanout_leaf=64, nr_cpu_ids=2
[    0.000000] NR_IRQS:33024 nr_irqs:440 16
[    0.000000] Console: colour VGA+ 80x25
[    0.000000] console [tty1] enabled
[    0.000000] console [ttyS0] enabled
[    0.000000] tsc: Detected 2992.968 MHz processor
[    1.527735] Calibrating delay loop (skipped) preset value.. 5985.93 BogoMIPS (lpj=11971872)
[    1.550651] pid_max: default: 32768 minimum: 301
[    1.559755] ACPI: Core revision 20150930
[    1.569443] ACPI: 2 ACPI AML tables successfully acquired and loaded
[    1.582692] Security Framework initialized
[    1.591447] Yama: becoming mindful.
[    1.599734] AppArmor: AppArmor initialized
[    1.612253] Dentry cache hash table entries: 65536 (order: 7, 524288 bytes)
[    1.624184] Inode-cache hash table entries: 32768 (order: 6, 262144 bytes)
[    1.636873] Mount-cache hash table entries: 1024 (order: 1, 8192 bytes)
[    1.649205] Mountpoint-cache hash table entries: 1024 (order: 1, 8192 bytes)
[    1.661024] Initializing cgroup subsys io
[    1.668845] Initializing cgroup subsys memory
[    1.685153] Initializing cgroup subsys devices
[    1.693419] Initializing cgroup subsys freezer
[    1.702277] Initializing cgroup subsys net_cls
[    1.718859] Initializing cgroup subsys perf_event
[    1.727814] Initializing cgroup subsys net_prio
[    1.736758] Initializing cgroup subsys hugetlb
[    1.745069] Initializing cgroup subsys pids
[    1.756848] mce: CPU supports 0 MCE banks
[    1.765784] Last level iTLB entries: 4KB 64, 2MB 8, 4MB 8
[    1.776093] Last level dTLB entries: 4KB 64, 2MB 0, 4MB 0, 1GB 4
[    1.788013] Spectre V1 : Mitigation: usercopy/swapgs barriers and __user pointer sanitization
[    1.803714] Spectre V2 : Mitigation: Full generic retpoline
[    1.813566] Spectre V2 : Spectre v2 / SpectreRSB mitigation: Filling RSB on context switch
[    1.828994] Speculative Store Bypass: Vulnerable
[    1.882829] MDS: Mitigation: Clear CPU buffers
[    2.142957] Freeing SMP alternatives memory: 36K
[    2.285803] ftrace: allocating 32380 entries in 127 pages
[    2.989655] smpboot: APIC(0) Converting physical 0 to logical package 0
[    3.000466] smpboot: Max logical packages: 1
[    3.011002] x2apic enabled
[    3.020993] Switched APIC routing to physical x2apic.
[    3.048102] ..TIMER: vector=0x30 apic1=0 pin1=2 apic2=-1 pin2=-1
[    3.168773] smpboot: CPU0: Intel(R) Xeon(R) Gold 6248R CPU @ 3.00GHz (family: 0x6, model: 0x4f, stepping: 0x0)
[    3.219134] Performance Events: unsupported p6 CPU model 79 no PMU driver, software events only.
[    3.355249] KVM setup paravirtual spinlock
[    3.368412] x86: Booting SMP configuration:
[    3.381098] .... node  #0, CPUs:      #1
[    3.396643] kvm-clock: cpu 1, msr 0:1ffe3041, secondary cpu clock
[    3.437311] mce: CPU supports 0 MCE banks
[    3.474723] x86: Booted up 1 node, 2 CPUs
[    3.530938] smpboot: Total of 2 processors activated (11971.87 BogoMIPS)
[    3.575495] devtmpfs: initialized
[    3.585891] evm: security.selinux
[    3.594325] evm: security.SMACK64
[    3.605695] evm: security.SMACK64EXEC
[    3.614860] evm: security.SMACK64TRANSMUTE
[    3.624331] evm: security.SMACK64MMAP
[    3.633058] evm: security.ima
[    3.643431] evm: security.capability
[    3.656255] clocksource: jiffies: mask: 0xffffffff max_cycles: 0xffffffff, max_idle_ns: 7645041785100000 ns
[    3.674865] futex hash table entries: 512 (order: 3, 32768 bytes)
[    3.692409] pinctrl core: initialized pinctrl subsystem
[    3.709325] RTC time: 11:51:21, date: 05/22/21
[    3.720954] NET: Registered protocol family 16
[    3.739951] cpuidle: using governor ladder
[    3.759977] cpuidle: using governor menu
[    3.772430] PCCT header not found.
[    3.779896] ACPI: bus type PCI registered
[    3.789845] acpiphp: ACPI Hot Plug PCI Controller Driver version: 0.5
[    3.808918] PCI: Using configuration type 1 for base access
[    3.838246] ACPI: Added _OSI(Module Device)
[    3.846827] ACPI: Added _OSI(Processor Device)
[    3.858516] ACPI: Added _OSI(3.0 _SCP Extensions)
[    3.873530] ACPI: Added _OSI(Processor Aggregator Device)
[    3.886080] ACPI: Executed 1 blocks of module-level executable AML code
[    3.911193] ACPI: Interpreter enabled
[    3.918703] ACPI: (supports S0 S5)
[    3.930280] ACPI: Using IOAPIC for interrupt routing
[    3.944943] PCI: Using host bridge windows from ACPI; if necessary, use "pci=nocrs" and report a bug
[    3.974151] ACPI: PCI Root Bridge [PCI0] (domain 0000 [bus 00-ff])
[    3.985035] acpi PNP0A03:00: _OSC: OS supports [ASPM ClockPM Segments MSI]
[    3.998403] acpi PNP0A03:00: _OSC: not requesting OS control; OS requires [ExtendedConfig ASPM ClockPM MSI]
[    4.015842] acpi PNP0A03:00: fail to add MMCONFIG information, can't access extended PCI configuration space under this bridge.
[    4.045422] PCI host bridge to bus 0000:00
[    4.058545] pci_bus 0000:00: root bus resource [io  0x0000-0x0cf7 window]
[    4.075056] pci_bus 0000:00: root bus resource [io  0x0d00-0xffff window]
[    4.085880] pci_bus 0000:00: root bus resource [mem 0x000a0000-0x000bffff window]
[    4.108850] pci_bus 0000:00: root bus resource [mem 0x20000000-0xfdffffff window]
[    4.122260] pci_bus 0000:00: root bus resource [bus 00-ff]
[    4.146663] pci 0000:00:01.1: legacy IDE quirk: reg 0x10: [io  0x01f0-0x01f7]
[    4.159795] pci 0000:00:01.1: legacy IDE quirk: reg 0x14: [io  0x03f6]
[    4.188521] pci 0000:00:01.1: legacy IDE quirk: reg 0x18: [io  0x0170-0x0177]
[    4.201379] pci 0000:00:01.1: legacy IDE quirk: reg 0x1c: [io  0x0376]
[    4.457398] pci 0000:00:07.0: quirk: [io  0x4000-0x403f] claimed by PIIX4 ACPI
[    4.478836] pci 0000:00:07.0: quirk: [io  0x4100-0x410f] claimed by PIIX4 SMB
[    4.583120] ACPI: PCI Interrupt Link [LNKA] (IRQs 5 9 10 *11)
[    4.603959] ACPI: PCI Interrupt Link [LNKB] (IRQs 5 9 *10 11)
[    4.623317] ACPI: PCI Interrupt Link [LNKC] (IRQs 5 *9 10 11)
[    4.657535] ACPI: PCI Interrupt Link [LNKD] (IRQs 5 9 10 *11)
[    4.724151] ACPI: Enabled 2 GPEs in block 00 to 07
[    4.767171] vgaarb: setting as boot device: PCI:0000:00:02.0
[    4.791878] vgaarb: device added: PCI:0000:00:02.0,decodes=io+mem,owns=io+mem,locks=none
[    4.847495] vgaarb: loaded
[    4.862483] vgaarb: bridge control possible 0000:00:02.0
[    4.875492] SCSI subsystem initialized
[    4.887044] ACPI: bus type USB registered
[    4.907215] usbcore: registered new interface driver usbfs
[    4.918311] usbcore: registered new interface driver hub
[    4.928092] usbcore: registered new device driver usb
[    4.946835] PCI: Using ACPI for IRQ routing
[    4.959058] NetLabel: Initializing
[    4.971723] NetLabel:  domain hash size = 128
[    4.981095] NetLabel:  protocols = UNLABELED CIPSOv4
[    4.991974] NetLabel:  unlabeled traffic allowed by default
[    5.010982] amd_nb: Cannot enumerate AMD northbridges
[    5.035705] clocksource: Switched to clocksource kvm-clock
[    5.070008] AppArmor: AppArmor Filesystem Enabled
[    5.082411] pnp: PnP ACPI init
[    5.093013] pnp: PnP ACPI: found 3 devices
[    5.162446] clocksource: acpi_pm: mask: 0xffffff max_cycles: 0xffffff, max_idle_ns: 2085701024 ns
[    5.197123] NET: Registered protocol family 2
[    5.210549] TCP established hash table entries: 4096 (order: 3, 32768 bytes)
[    5.225533] TCP bind hash table entries: 4096 (order: 4, 65536 bytes)
[    5.239519] TCP: Hash tables configured (established 4096 bind 4096)
[    5.252240] UDP hash table entries: 256 (order: 1, 8192 bytes)
[    5.265710] UDP-Lite hash table entries: 256 (order: 1, 8192 bytes)
[    5.294101] NET: Registered protocol family 1
[    5.307267] pci 0000:00:00.0: Limiting direct PCI/PCI transfers
[    5.332202] pci 0000:00:01.0: Activating ISA DMA hang workarounds
[    5.350085] Unpacking initramfs...
[    5.770517] Freeing initrd memory: 14884K
[    5.779403] clocksource: tsc: mask: 0xffffffffffffffff max_cycles: 0x2b24529d36c, max_idle_ns: 440795353363 ns
[    5.798298] platform rtc_cmos: registered platform RTC device (no PNP device found)
[    5.812452] Scanning for low memory corruption every 60 seconds
[    5.825003] audit: initializing netlink subsys (disabled)
[    5.837181] audit: type=2000 audit(1621684289.660:1): initialized
[    5.869158] Initialise system trusted keyring
[    5.918542] HugeTLB registered 2 MB page size, pre-allocated 0 pages
[    5.948191] zbud: loaded
[    5.979037] VFS: Disk quotas dquot_6.6.0
[    6.108778] VFS: Dquot-cache hash table entries: 512 (order 0, 4096 bytes)
[    6.182130] squashfs: version 4.0 (2009/01/31) Phillip Lougher
[    6.254231] fuse init (API version 7.23)
[    6.273723] Key type big_key registered
[    6.291023] Allocating IMA MOK and blacklist keyrings.
[    6.326951] Key type asymmetric registered
[    6.346402] Asymmetric key parser 'x509' registered
[    6.364922] Block layer SCSI generic (bsg) driver version 0.4 loaded (major 249)
[    6.404569] io scheduler noop registered
[    6.415084] io scheduler deadline registered (default)
[    6.426446] io scheduler cfq registered
[    6.437236] pci_hotplug: PCI Hot Plug PCI Core version: 0.5
[    6.449766] pciehp: PCI Express Hot Plug Controller Driver version: 0.4
[    6.465054] ACPI: AC Adapter [AC] (on-line)
[    6.484143] input: Power Button as /devices/LNXSYSTM:00/LNXPWRBN:00/input/input0
[    6.501776] ACPI: Power Button [PWRF]
[    6.520312] input: Sleep Button as /devices/LNXSYSTM:00/LNXSLPBN:00/input/input1
[    6.537084] ACPI: Sleep Button [SLPF]
[    6.546868] GHES: HEST is not enabled!
[    6.555929] Serial: 8250/16550 driver, 32 ports, IRQ sharing enabled
[    6.95988]00:02: tyS0 atI/O 0xf8 (ir = 4, bse_baud = 115200) is a 16550A
[    6.617651] Linux agpgart interface v0.103
[    6.634712] loop: module loaded
[    6.660162] scsi host0: ata_piix
[    6.670813] scsi host1: ata_piix
[    6.687763] ata1: PATA max UDMA/33 cmd 0x1f0 ctl 0x3f6 bmdma 0xd000 irq 14
[    6.701238] ata2: PATA max UDMA/33 cmd 0x170 ctl 0x376 bmdma 0xd008 irq 15
[    6.723670] libphy: Fixed MDIO Bus: probed
[    6.735914] tun: Universal TUN/TAP device driver, 1.6
[    6.763702] tun: (C) 1999-2004 Max Krasnyansky <maxk@qualcomm.com>
[    6.796117] PPP generic driver version 2.4.2
[    6.821619] ehci_hcd: USB 2.0 'Enhanced' Host Controller (EHCI) Driver
[    6.857855] ehci-pci: EHCI PCI platform driver
[    6.878452] ehci-platform: EHCI generic platform driver
[    6.906818] ohci_hcd: USB 1.1 'Open' Host Controller (OHCI) Driver
[    6.962813] ohci-pci: OHCI PCI platform driver
[    6.971752] ohci-platform: OHCI generic platform driver
[    6.982230] uhci_hcd: USB Universal Host Controller Interface driver
[    6.995197] i8042: PNP: PS/2 Controller [PNP0303:PS2K,PNP0f03:PS2M] at 0x60,0x64 irq 1,12
[    7.018439] serio: i8042 KBD port at 0x60,0x64 irq 1
[    7.028040] serio: i8042 AUX port at 0x60,0x64 irq 12
[    7.037026] mousedev: PS/2 mouse device common for all mice
[    7.049912] rtc_cmos rtc_cmos: rtc core: registered rtc_cmos as rtc0
[    7.062326] input: AT Translated Set 2 keyboard as /devices/platform/i8042/serio0/input/input2
[    7.078563] rtc_cmos rtc_cmos: alarms up to one day, 114 bytes nvram
[    7.090966] i2c /dev entries driver
[    7.105639] device-mapper: uevent: version 1.0.3
[    7.114469] device-mapper: ioctl: 4.34.0-ioctl (2015-10-28) initialised: dm-devel@redhat.com
[    7.129799] ledtrig-cpu: registered to indicate activity on CPUs
[    7.142561] NET: Registered protocol family 10
[    7.152937] NET: Registered protocol family 17
[    7.176899] Key type dns_resolver registered
[    7.187802] registered taskstats version 1
[    7.196304] Loading compiled-in X.509 certificates
[    7.206989] Loaded X.509 cert 'Build time autogenerated kernel key: a4b2c42f3c1ff894301f5dfced938a35dbe4f21d'
[    7.225986] zswap: loaded using pool lzo/zbud
[    7.240955] Key type trusted registered
[    7.265160] Key type encrypted registered
[    7.282061] AppArmor: AppArmor sha1 policy hashing enabled
[    7.305098] ima: No TPM chip found, activating TPM-bypass!
[    7.328973] ima: Allocated hash algorithm: sha1
[    7.365280] evm: HMAC attrs: 0x1
[    7.404227]   Magic number: 5:153:884
[    7.436995] rtc_cmos rtc_cmos: setting system clock to 2021-05-22 11:51:25 UTC (1621684285)
[    7.486928] BIOS EDD facility v0.16 2004-Jun-25, 0 devices found
[    7.516343] EDD information not available.
[    7.555284] Freeing unused kernel memory: 1492K
[    7.613888] Write protecting the kernel read-only data: 14336k
[    7.649118] Freeing unused kernel memory: 1584K
[    7.658450] Freeing unused kernel memory: 52K
Loading, please wait...
starting version 229
[    7.745803] random: udevadm: uninitialized urandom read (16 bytes read, 6 bits of entropy available)
[    7.758965] random: systemd-udevd: uninitialized urandom read (16 bytes read, 6 bits of entropy available)
[    7.759333] random: systemd-udevd: uninitialized urandom read (16 bytes read, 6 bits of entropy available)
[    7.759351] random: systemd-udevd: uninitialized urandom read (16 bytes read, 6 bits of entropy available)
[    7.759366] random: systemd-udevd: uninitialized urandom read (16 bytes read, 6 bits of entropy available)
[    7.860894] random: udevadm: uninitialized urandom read (16 bytes read, 6 bits of entropy available)
[    7.929500] random: systemd-udevd: uninitialized urandom read (16 bytes read, 6 bits of entropy available)
[    7.964135] random: systemd-udevd: uninitialized urandom read (16 bytes read, 6 bits of entropy available)
[    8.008412] random: systemd-udevd: uninitialized urandom read (16 bytes read, 6 bits of entropy available)
[    8.011531] random: udevadm: uninitialized urandom read (16 bytes read, 6 bits of entropy available)
[    8.239181] Fusion MPT base driver 3.04.20
[    8.249372] Copyright (c) 1999-2008 LSI Corporation
[    8.297442] e1000: Intel(R) PRO/1000 Network Driver - version 7.3.21-k8-NAPI
[    8.320360] e1000: Copyright (c) 1999-2006 Intel Corporation.
[    8.449049] Fusion MPT SPI Host driver 3.04.20
[    8.475993] AVX2 version of gcm_enc/dec engaged.
[    8.502391] AES CTR mode by8 optimization enabled
[    8.631929] input: ImExPS/2 Generic Explorer Mouse as /devices/platform/i8042/serio1/input/input4
[   10.441985] e1000 0000:00:03.0 eth0: (PCI:33MHz:32-bit) 02:84:1b:29:91:81
[   10.466561] e1000 0000:00:03.0 eth0: Intel(R) PRO/1000 Network Connection
[   12.157433] e1000 0000:00:08.0 eth1: (PCI:33MHz:32-bit) 08:00:27:b0:14:18
[   12.204695] e1000 0000:00:08.0 eth1: Intel(R) PRO/1000 Network Connection
[   12.240314] mptbase: ioc0: Initiating bringup
[   12.259297] e1000 0000:00:03.0 enp0s3: renamed from eth0
[   12.298206] e1000 0000:00:08.0 enp0s8: renamed from eth1
[   12.354063] ioc0: LSI53C1030 A0: Capabilities={Initiator}
[   12.565522] scsi host2: ioc0: LSI53C1030 A0, FwRev=00000000h, Ports=1, MaxQ=256, IRQ=20
[   12.706236] scsi 2:0:0:0: Direct-Access     VBOX     HARDDISK         1.0  PQ: 0 ANSI: 5
[   12.748505] scsi target2:0:0: Beginning Domain Validation
[   12.771225] scsi target2:0:0: Domain Validation skipping write tests
[   12.791773] scsi target2:0:0: Ending Domain Validation
[   12.805782] scsi target2:0:0: asynchronous
[   12.826120] scsi 2:0:1:0: Direct-Access     VBOX     HARDDISK         1.0  PQ: 0 ANSI: 5
[   12.860683] scsi target2:0:1: Beginning Domain Validation
[   12.967568] scsi target2:0:1: Domain Validation skipping write tests
[   13.186952] scsi target2:0:1: Ending Domain Validation
[   13.198578] scsi target2:0:1: asynchronous
[   13.233676] sd 2:0:0:0: Attached scsi generic sg0 type 0
[   13.243887] sd 2:0:0:0: [sda] 83886080 512-byte logical blocks: (42.9 GB/40.0 GiB)
[   13.260587] sd 2:0:0:0: [sda] Write Protect is off
[   13.270612] sd 2:0:0:0: [sda] Incomplete mode parameter data
[   13.270658] sd 2:0:1:0: [sdb] 20480 512-byte logical blocks: (10.5 MB/10.0 MiB)
[   13.277826] sd 2:0:1:0: Attached scsi generic sg1 type 0
[   13.316144] sd 2:0:0:0: [sda] Assuming drive cache: write through
[   13.328465] sd 2:0:1:0: [sdb] Write Protect is off
[   13.335736]  sda: sda1
[   13.346223] sd 2:0:0:0: [sda] Attached SCSI disk
[   13.380266] sd 2:0:1:0: [sdb] Incomplete mode parameter data
[   13.404370] sd 2:0:1:0: [sdb] Assuming drive cache: write through
[   13.469265] sd 2:0:1:0: [sdb] Attached SCSI disk
Begin: Loading essential drivers ... [   19.071430] md: linear personality registered for level -1
[   19.098828] md: multipath personality registered for level -4
[   19.131899] md: raid0 personality registered for level 0
[   19.190426] md: raid1 personality registered for level 1
[   19.304757] raid6: sse2x1   gen()  3817 MB/s
[   19.417798] raid6: sse2x1   xor()   650 MB/s
[   19.532087] raid6: sse2x2   gen()  1940 MB/s
[   19.634834] raid6: sse2x2   xor()  2042 MB/s
[   19.712302] raid6: sse2x4   gen()  5186 MB/s
[   19.792064] raid6: sse2x4   xor()  4375 MB/s
[   19.876707] raid6: avx2x1   gen()  5656 MB/s
[   19.955959] raid6: avx2x2   gen()  8110 MB/s
[   20.036139] raid6: avx2x4   gen()  8632 MB/s
[   20.048006] raid6: using algorithm avx2x4 gen() 8632 MB/s
[   20.061666] raid6: using avx2x2 recovery algorithm
[   20.096939] xor: automatically using best checksumming function:
[   20.152001]    avx       : 16617.000 MB/sec
[   20.189379] async_tx: api initialized (async)
[   20.285250] md: raid6 personality registered for level 6
[   20.307652] md: raid5 personality registered for level 5
[   20.337556] md: raid4 personality registered for level 4
[   20.394951] md: raid10 personality registered for level 10
done.
Begin: Running /scripts/init-premount ... done.
Begin: Mounting root file system ... Begin: Running /scripts/local-top ... done.
Begin: Running /scripts/local-premount ... [   20.684665] Btrfs loaded
Scanning for Btrfs filesystems
done.
Warning: fsck not present, so skipping root file system
[   21.177547] EXT4-fs (sda1): mounted filesystem with ordered data mode. Opts: (null)
done.
Begin: Running /scripts/local-bottom ... done.
Begin: Running /scripts/init-bottom ... done.
[   21.677288] systemd[1]: systemd 229 running in system mode. (+PAM +AUDIT +SELINUX +IMA +APPARMOR +SMACK +SYSVINIT +UTMP +LIBCRYPTSETUP +GCRYPT +GNUTLS +ACL +XZ -LZ4 +SECCOMP +BLKID +ELFUTILS +KMOD -IDN)
[   21.753033] systemd[1]: Detected virtualization oracle.
[   21.773479] systemd[1]: Detected architecture x86-64.

Welcome to [1mUbuntu 16.04.7 LTS[0m!

[   21.836826] systemd[1]: Set hostname to <ubuntu>.
[   21.895122] random: nonblocking pool is initialized
[   21.932939] systemd[1]: Initializing machine ID from random generator.
[   21.974492] systemd[1]: Installed transient /etc/machine-id file.
[   22.928100] systemd[1]: Listening on udev Control Socket.
[[0;32m  OK  [0m] Listening on udev Control Socket.
[   22.961071] systemd[1]: Set up automount Arbitrary Executable File Formats File System Automount Point.
[[0;32m  OK  [0m] Set up automount Arbitrary Executab...ats File System Automount Point.
[   23.015154] systemd[1]: Started Trigger resolvconf update for networkd DNS.
[[0;32m  OK  [0m] Started Trigger resolvconf update for networkd DNS.
[   23.044277] systemd[1]: Listening on Journal Audit Socket.
[[0;32m  OK  [0m] Listening on Journal Audit Socket.
[   23.071004] systemd[1]: Listening on fsck to fsckd communication Socket.
[[0;32m  OK  [0m] Listening on fsck to fsckd communication Socket.
[   23.113400] systemd[1]: Reached target Swap.
[[0;32m  OK  [0m] Reached target Swap.
[   23.138007] systemd[1]: Listening on Journal Socket (/dev/log).
[[0;32m  OK  [0m] Listening on Journal Socket (/dev/log).
[   23.159634] systemd[1]: Listening on /dev/initctl Compatibility Named Pipe.
[[0;32m  OK  [0m] Listening on /dev/initctl Compatibility Named Pipe.
[   23.197955] systemd[1]: Reached target User and Group Name Lookups.
[[0;32m  OK  [0m] Reached target User and Group Name Lookups.
[   23.231377] systemd[1]: Created slice User and Session Slice.
[[0;32m  OK  [0m] Created slice User and Session Slice.
[   23.269696] systemd[1]: Listening on udev Kernel Socket.
[[0;32m  OK  [0m] Listening on udev Kernel Socket.
[   23.306495] systemd[1]: Reached target Encrypted Volumes.
[[0;32m  OK  [0m] Reached target Encrypted Volumes.
[   23.347883] systemd[1]: Listening on Device-mapper event daemon FIFOs.
[[0;32m  OK  [0m] Listening on Device-mapper event daemon FIFOs.
[   23.393840] systemd[1]: Reached target System Time Synchronized.
[[0;32m  OK  [0m] Reached target System Time Synchronized.
[   23.434270] systemd[1]: Listening on LVM2 poll daemon socket.
[[0;32m  OK  [0m] Listening on LVM2 poll daemon socket.
[   23.469249] systemd[1]: Listening on LVM2 metadata daemon socket.
[[0;32m  OK  [0m] Listening on LVM2 metadata daemon socket.
[   23.504661] systemd[1]: Listening on Journal Socket.
[[0;32m  OK  [0m] Listening on Journal Socket.
[   23.535329] systemd[1]: Listening on Syslog Socket.
[[0;32m  OK  [0m] Listening on Syslog Socket.
[   23.566370] systemd[1]: Started Forward Password Requests to Wall Directory Watch.
[[0;32m  OK  [0m] Started Forward Password Requests to Wall Directory Watch.
[   23.616726] systemd[1]: Created slice System Slice.
[[0;32m  OK  [0m] Created slice System Slice.
[   23.715211] systemd[1]: Starting Set console keymap...
         Starting Set console keymap...
[   23.821057] systemd[1]: Starting Create list of required static device nodes for the current kernel...
         Starting Create list of required st... nodes for the current kernel...
[   23.896061] systemd[1]: Starting Journal Service...
         Starting Journal Service...
[   23.925315] systemd[1]: Mounting Huge Pages File System...
         Mounting Huge Pages File System...
[   24.000733] systemd[1]: Starting Monitoring of LVM2 mirrors, snapshots etc. using dmeventd or progress polling...
         Starting Monitoring of LVM2 mirrors... dmeventd or progress polling...
[   24.055074] systemd[1]: Reached target Slices.
[[0;32m  OK  [0m] Reached target Slices.
[   24.090757] systemd[1]: Created slice system-serial\x2dgetty.slice.
[[0;32m  OK  [0m] Created slice system-serial\x2dgetty.slice.
[   24.156628] systemd[1]: Starting Load Kernel Modules...
         Starting Load Kernel Modules...
[   24.223080] systemd[1]: Starting Nameserver information manager...
[   24.254762] Loading iSCSI transport class v2.0-870.
         Starting Nameserver information manager...
[   24.285499] systemd[1]: Starting Uncomplicated firewall...
         Starting Uncomplicated firewall...
[   24.338727] systemd[1]: Mounting Debug File System...
[   24.357535] iscsi: registered transport (tcp)
         Mounting Debug File System...
[   24.386078] systemd[1]: Mounting POSIX Message Queue File System...
         Mounting POSIX Message Queue File System...
[   24.426374] systemd[1]: Starting File System Check on Root Device...
         Starting File System Check on Root Device...
[   24.478739] systemd[1]: Mounted POSIX Message Queue File System.
[[0;32m  OK  [0m] Mounted POSIX Message Queue File System.
[   24.548629] systemd[1]: Mounted Huge Pages File System.
[[0;32m  OK  [0m] Mounted Huge Pages File System.
[   24.575507] systemd[1]: Mounted Debug File System.
[[0;32m  OK  [0m] Mounted Debug File System.
[   24.599499] systemd[1]: Started Journal Service.
[[0;32m  OK  [0m] Started Journal Service.
[[0;32m  OK  [0m] Started Set console keymap.
[[0;32m  OK  [0m] Started Create list of required sta...ce nodes for the current kernel.
[[0;32m  OK  [0m] Started Uncomplicated firewall.
[[0;32m  OK  [0m] Started File System Check on Root Device.
[[0;32m  OK  [0m] Started Nameserver information manager.
[   24.777434] iscsi: registered transport (iser)
[[0;32m  OK  [0m] Started LVM2 metadata daemon.
[[0;32m  OK  [0m] Started File System Check Daemon to report status.
         Starting Remount Root and Kernel File Systems...
         Starting Create Static Device Nodes in /dev...
[[0;32m  OK  [0m] Started Load Kernel Modules.
[   24.911614] EXT4-fs (sda1): re-mounted. Opts: (null)
         Mounting FUSE Control File System...
         Starting Apply Kernel Variables...
[[0;32m  OK  [0m] Mounted FUSE Control File System.
[[0;32m  OK  [0m] Started Remount Root and Kernel File Systems.
         Starting Flush Journal to Persistent Storage...
         Starting Load/Save Random Seed...
         Starting udev Coldplug all Devices...
[[0;32m  OK  [0m] Started Create Static Device Nodes in /dev.
[[0;32m  OK  [0m] Started Apply Kernel Variables.
[[0;32m  OK  [0m] Started Monitoring of LVM2 mirrors,...ng dmeventd or progress polling.
[[0;32m  OK  [0m] Started Load/Save Random Seed.
[[0;32m  OK  [0m] Started Flush Journal to Persistent Storage.
         Starting udev Kernel Device Manager...
[[0;32m  OK  [0m] Reached target Local File Systems (Pre).
[[0;32m  OK  [0m] Reached target Local File Systems.
         Starting Tell Plymouth To Write Out Runtime Data...
         Starting Set console font and keymap...
         Starting Create Volatile Files and Directories...
         Starting Initial cloud-init job (pre-networking)...
         Starting LSB: AppArmor initialization...
         Starting Commit a transient machine-id on disk...
[[0;32m  OK  [0m] Started udev Coldplug all Devices.
[[0;32m  OK  [0m] Started Tell Plymouth To Write Out Runtime Data.
[[0;32m  OK  [0m] Started Create Volatile Files and Directories.
[[0;32m  OK  [0m] Started Commit a transient machine-id on disk.
[[0;32m  OK  [0m] Started udev Kernel Device Manager.
         Starting Update UTMP about System Boot/Shutdown...
[[0;32m  OK  [0m] Started Dispatch Password Requests to Console Directory Watch.
[[0;32m  OK  [0m] Started Update UTMP about System Boot/Shutdown.
[[0;32m  OK  [0m] Found device /dev/ttyS0.
[[0;32m  OK  [0m] Listening on Load/Save RF Kill Switch Status /dev/rfkill Watch.
[   29.953831] cloud-init[[495]: [0;32m  OK  [0mCloud-init v. 20.4.1-0ubuntu1~16.04.1 running 'init-local' at Sat, 22 May 2021 11:51:49 +0000. Up 27.79 seconds.] Started LSB: AppArmor initialization.

         Starting Load AppArmor profiles managed internally by snapd...
[[0;32m  OK  [0m] Started Initial cloud-init job (pre-networking).
[[0;32m  OK  [0m] Started Load AppArmor profiles managed internally by snapd.
[[0;32m  OK  [0m] Reached target Network (Pre).
         Starting Raise network interfaces...
[[0;32m  OK  [0m] Started Set console font and keymap.
[[0;32m  OK  [0m] Created slice system-getty.slice.
[[0;32m  OK  [0m] Started Raise network interfaces.
         Starting Initial cloud-init job (metadata service crawler)...
[[0;32m  OK  [0m] Reached target Network.
[   43.414138] cloud-init[971]: Cloud-init v. 20.4.1-0ubuntu1~16.04.1 running 'init' at Sat, 22 May 2021 11:52:03 +0000. Up 41.52 seconds.
[   43.451277] cloud-init[971]: ci-info: ++++++++++++++++++++++++++++++++++++++Net device info+++++++++++++++++++++++++++++++++++++++
[   43.467716] cloud-init[971]: ci-info: +--------+-------+----------------------------+---------------+--------+-------------------+
[   43.481135] cloud-init[971]: ci-info: | Device |   Up  |          Address           |      Mask     | Scope  |     Hw-Address    |
[   43.493553] cloud-init[971]: ci-info: +--------+-------+----------------------------+---------------+--------+-------------------+
[   43.508945] cloud-init[971]: ci-info: | enp0s3 |  True |         10.0.2.15          | 255.255.255.0 | global | 02:84:1b:29:91:81 |
[   43.523489] cloud-init[971]: ci-info: | enp0s3 |  True | fe80::84:1bff:fe29:9181/64 |       .       |  link  | 02:84:1b:29:91:81 |
[   43.539040] cloud-init[971]: ci-info: | enp0s8 | False |             .              |       .       |   .    | 08:00:27:b0:14:18 |
[   43.559218] cloud-init[971]: ci-info: |   lo   |  True |         127.0.0.1          |   255.0.0.0   |  host  |         .         |
[   43.579201] cloud-init[971]: ci-info: |   lo   |  True |          ::1/128           |       .       |  host  |         .         |
[   43.594276] cloud-init[971]: ci-info: +--------+-------+----------------------------+---------------+--------+-------------------+
[   43.608942] cloud-init[971]: ci-info: +++++++++++++++++++++++++++Route IPv4 info++++++++++++++++++++++++++++
[   43.626367] cloud-init[971]: ci-info: +-------+-------------+----------+---------------+-----------+-------+
[   43.675825] cloud-init[971]: ci-info: | Route | Destination | Gateway  |    Genmask    | Interface | Flags |
[   43.689272] cloud-init[971]: ci-info: +-------+-------------+----------+---------------+-----------+-------+
[   43.699858] cloud-init[971]: ci-info: |   0   |   0.0.0.0   | 10.0.2.2 |    0.0.0.0    |   enp0s3  |   UG  |
[   43.717830] cloud-init[971]: ci-info: |   1   |   10.0.2.0  | 0.0.0.0  | 255.255.255.0 |   enp0s3  |   U   |
[   43.729056] cloud-init[971]: ci-info: +-------+-------------+----------+---------------+-----------+-------+
[   43.739666] cloud-init[971]: ci-info: +++++++++++++++++++Route IPv6 info+++++++++++++++++++
[   43.749155] cloud-init[971]: ci-info: +-------+-------------+---------+-----------+-------+
[   43.759543] cloud-init[971]: ci-info: | Route | Destination | Gateway | Interface | Flags |
[   43.771329] cloud-init[971]: ci-info: +-------+-------------+---------+-----------+-------+
[   43.786754] cloud-init[971]: ci-info: |   0   |  fe80::/64  |    ::   |   enp0s3  |   U   |
[   43.799689] cloud-init[971]: ci-info: |   4   |   ff00::/8  |    ::   |   enp0s3  |   U   |
[   43.816175] cloud-init[971]: ci-info: +-------+-------------+---------+-----------+-------+
[   43.827204] cloud-init[971]: Generating public/private rsa key pair.
[   43.828631] cloud-init[971]: Your identification has been saved in /etc/ssh/ssh_host_rsa_key.
[   43.836690] cloud-init[971]: Your public key has been saved in /etc/ssh/ssh_host_rsa_key.pub.
[   43.838574] cloud-init[971]: The key fingerprint is:
[   43.850173] cloud-init[971]: SHA256:MaFxSZnw+N0aIuKILvLgk9aPeh+/MCvbHU9CHAM9mNM root@ubuntu-xenial
[   43.854013] cloud-init[971]: The key's randomart image is:
[   43.858697] cloud-init[971]: +---[RSA 2048]----+
[   43.861599] cloud-init[971]: |     .Bo++       |
[   43.866899] cloud-init[971]: |     +.E+.       |
[[0;32m  OK  [0m] Started Initial cloud-init job (metadata service crawler).
[   43.871899] cloud-init[971]: |      +o=        |
[[   43.884544] cloud-init[971]: |      ..o+ .     |
[0;32m  OK  [0m[   43.887308] cloud-init[971]: |    . .oS o .    |
[   43.892908] cloud-init[971]: | . o ... . o     |
[   43.893900] cloud-init[971]: |o + .+ o ..      |
[   43.900522] cloud-init[971]: |== +o B =        |
[   43.905879] cloud-init[971]: |+==o== +..       |
[   43.905946] cloud-init[971]: +----[SHA256]-----+
[   43.906055] cloud-init[971]: Generating public/private dsa key pair.
[   43.922810] cloud-init[971]: Your identification has been saved in /etc/ssh/ssh_host_dsa_key.
[   43.923399] cloud-init[971]: Your public key has been saved in /etc/ssh/ssh_host_dsa_key.pub.
[   43.927318] cloud-init[971]: The key fingerprint is:
[   43.934154] cloud-init[971]: SHA256:kK64IcGyyT4A/A7oIEnn78xweNP+/EDmpCgJ6YShDgM root@ubuntu-xenial
[   43.934267] cloud-init[971]: The key's randomart image is:
[   43.939220] cloud-init[971]: +---[DSA 1024]----+
] Reached target System Initialization.
[[0;32m  OK  [0m] [   43.950721] cloud-init[971]: |                 |
[   43.960677] cloud-init[971]: |       .         |
Listening on D-Bus System Message Bus Socket.
         Starting Socket activation for snappy daemon.
[[0;32m  OK  [0m] Started Daily apt download activities.
[[0;32m  OK  [0m] Listening on UUID daemon activation socket.
[[0;32m  OK  [0m] Listening on ACPID Listen Socket.
[[0;32m  OK  [0m] Started Message of the Day.
         Starting LXD - unix socket.
[   43.964516] cloud-init[971]: |E     o          |
[[0;32m  OK  [0m] Started Daily apt upgrade and clean activities.
[   44.029039] cloud-init[971]: |*+.. . .         |
[   44.159419] cloud-init[971]: |@*+   . S+       |
[[0;32m  OK  [0m] Started Daily Cleanup of Temporary Directories.
[   44.184658] cloud-init[971]: |&*.+o.o *        |
[[0;32m  OK  [0m] Reached target Timers.
[   44.305717] cloud-init[971]: |O+==o= o o       |
[   44.314592] cloud-init[971]: |.+ +B.o . .      |
[   44.322185] cloud-init[971]: | .o .+ ..o..     |
[   44.330399] cloud-init[971]: +----[SHA256]-----+
[   44.331916] cloud-init[971]: Generating public/private ecdsa key pair.
[   44.331991] cloud-init[971]: Your identification has been saved in /etc/ssh/ssh_host_ecdsa_key.
[   44.332042] cloud-init[971]: Your public key has been saved in /etc/ssh/ssh_host_ecdsa_key.pub.
[   44.338895] cloud-init[971]: The key fingerprint is:
[   44.350867] cloud-init[971]: SHA256:12jOfDqgWC4X2913IhKst1qUTkCjox2GwgwvUFdDbI0 root@ubuntu-xenial
[   44.352524] cloud-init[971]: The key's randomart image is:
[   44.355386] cloud-init[971]: +---[ECDSA 256]---+
[   44.355486] cloud-init[971]: |o.. .++oo        |
[   44.355579] cloud-init[971]: |.= . .E+..       |
[   44.357348] cloud-init[971]: |. = ..= .        |
[   44.357415] cloud-init[971]: | . . + o . +     |
[   44.357502] cloud-init[971]: |    . . S.B .    |
[   44.359343] cloud-init[971]: |      o .Xo      |
[   44.362331] cloud-init[971]: |     + = +*o.    |
[   44.366662] cloud-init[971]: |    o = o.=oo o .|
[   44.371249] cloud-init[971]: |     o  .oo+ o o |
[   44.384971] cloud-init[971]: +----[SHA256]-----+
[   44.385087] cloud-init[971]: Generating public/private ed25519 key pair.
[   44.385182] cloud-init[971]: Your identification has been saved in /etc/ssh/ssh_host_ed25519_key.
[   44.385234] cloud-init[971]: Your public key has been saved in /etc/ssh/ssh_host_ed25519_key.pub.
[   44.385318] cloud-init[971]: The key fingerprint is:
[   44.385401] cloud-init[971]: SHA256:vcOJXRCiUFsQI5gMW902lDDFZwrdk0erX00kzsHBoH0 root@ubuntu-xenial
[   44.385505] cloud-init[971]: The key's randomart image is:
[   44.403853] cloud-init[971]: +--[ED25519 256]--+
[   44.411606] cloud-init[971]: |.o.+=OB=oo+++..  |
[   44.439578] cloud-init[971]: | o+ o+B=*+.=o+   |
[   44.448021] cloud-init[971]: |.    oo=.o+ E .  |
[   44.450725] cloud-init[971]: |      .  o o o   |
[   44.474921] cloud-init[971]: |        S . o .  |
[   44.475411] cloud-init[971]: |         = =     |
[   44.485923] cloud-init[971]: |        . B      |
[   44.495273] cloud-init[971]: |           .     |
[   44.497933] cloud-init[971]: |                 |
[[0;32m  OK  [0m] Started ACPI Events Check.
[   44.499779] cloud-init[971]: +----[SHA256]-----+
[[0;32m  OK  [0m] Reached target Paths.
[[0;32m  OK  [0m] Reached target Cloud-config availability.
[[0;32m  OK  [0m] Reached target Network is Online.
         Starting iSCSI initiator daemon (iscsid)...
[[0;32m  OK  [0m] Listening on Socket activation for snappy daemon.
[[0;32m  OK  [0m] Listening on LXD - unix socket.
[[0;32m  OK  [0m] Reached target Sockets.
[[0;32m  OK  [0m] Reached target Basic System.
[[0;32m  OK  [0m] Started Regular background program processing daemon.
[[0;32m  OK  [0m] Started D-Bus System Message Bus.
[[0;32m  OK  [0m] Started Deferred execution scheduler.
         Starting Accounts Service...
         Starting LSB: Record successful boot for GRUB...
[[0;32m  OK  [0m] Started FUSE filesystem for LXC.
         Starting Pollinate to seed the pseudo random number generator...
         Starting System Logging Service...
         Starting Virtualbox guest utils...
         Starting /etc/rc.local Compatibility...
         Starting Login Service...
         Starting LSB: MD monitoring daemon...
[[0;32m  OK  [0m] Started ACPI event daemon.
         Starting LXD - container startup/shutdown...
         Starting Snap Daemon...
[[0;32m  OK  [0m] Started System Logging Service.
[[0;32m  OK  [0m] Started /etc/rc.local Compatibility.
[[0;32m  OK  [0m] Started iSCSI initiator daemon (iscsid).
         Starting Login to default iSCSI targets...
         Starting Authenticate and Authorize Users to Run Privileged Tasks...
[[0;32m  OK  [0m] Started Login Service.
[[0;32m  OK  [0m] Started LSB: Record successful boot for GRUB.
[[0;32m  OK  [0m] Started Unattended Upgrades Shutdown.
[[0;32m  OK  [0m] Started LSB: MD monitoring daemon.
[[0;32m  OK  [0m] Started Login to default iSCSI targets.
[[0;32m  OK  [0m] Reached target Remote File Systems (Pre).
[[0;32m  OK  [0m] Reached target Remote File Systems.
         Starting LSB: Set the CPU Frequency Scaling governor to "ondemand"...
         Starting LSB: daemon to balance interrupts for SMP systems...
         Starting Permit User Sessions...
         Starting LSB: automatic crash report generation...
[[0;32m  OK  [0m] Started Permit User Sessions.
[[0;32m  OK  [0m] Started LXD - container startup/shutdown.
[[0;32m  OK  [0m] Started Authenticate and Authorize Users to Run Privileged Tasks.
[[0;32m  OK  [0m] Started Accounts Service.
         Starting Terminate Plymouth Boot Screen...
         Starting Hold until boot process finishes up...
[[0;32m  OK  [0m] Started Terminate Plymouth Boot Screen.
[[0;32m  OK  [0m] Started Hold until boot process finishes up.
[[0;32m  OK  [0m] Started Serial Getty on ttyS0.
[[0;32m  OK  [0m] Started Getty on tty1.
[[0;32m  OK  [0m] Reached target Login Prompts.
         Starting Set console scheme...
[[0;32m  OK  [0m] Started Virtualbox guest utils.
[[0;32m  OK  [0m] Started LSB: Set the CPU Frequency Scaling governor to "ondemand".
[[0;32m  OK  [0m] Started LSB: automatic crash report generation.
[[0;32m  OK  [0m] Started Set console scheme.
[[0;32m  OK  [0m] Started LSB: daemon to balance interrupts for SMP systems.
[[0;32m  OK  [0m] Started Pollinate to seed the pseudo random number generator.
         Starting OpenBSD Secure Shell server...
[[0;32m  OK  [0m] Started OpenBSD Secure Shell server.
[[0;32m  OK  [0m] Created slice User Slice of vagrant.
         Starting User Manager for UID 1000...
[[0;32m  OK  [0m] Started Session 1 of user vagrant.
[[0;32m  OK  [0m] Started Snap Daemon.
         Starting Wait until snapd is fully seeded...
[[0;32m  OK  [0m] Started User Manager for UID 1000.
[[0;32m  OK  [0m] Started Wait until snapd is fully seeded.
         Starting Apply the settings specified in cloud-config...
[[0;32m  OK  [0m] Reached target Multi-User System.
[[0;32m  OK  [0m] Reached target Graphical Interface.
         Starting Update UTMP about System Runlevel Changes...
[[0;32m  OK  [0m] Started Update UTMP about System Runlevel Changes.
[   55.597814] cloud-init[1351]: Generating locales (this might take a while)...

Ubuntu 16.04.7 LTS ubuntu-xenial ttyS0

ubuntu-xenial login: [   59.034519] cloud-init[1351]:   en_US.UTF-8... done
[   59.049528] cloud-init[1351]: Generation complete.
[   60.647884] cloud-init[1351]: Cloud-init v. 20.4.1-0ubuntu1~16.04.1 running 'modules:config' at Sat, 22 May 2021 11:52:15 +0000. Up 54.39 seconds.
ci-info: no authorized SSH keys fingerprints found for user ubuntu.
<14>May 22 11:52:23 ec2: 
<14>May 22 11:52:23 ec2: #############################################################
<14>May 22 11:52:23 ec2: -----BEGIN SSH HOST KEY FINGERPRINTS-----
<14>May 22 11:52:23 ec2: 1024 SHA256:kK64IcGyyT4A/A7oIEnn78xweNP+/EDmpCgJ6YShDgM root@ubuntu-xenial (DSA)
<14>May 22 11:52:23 ec2: 256 SHA256:12jOfDqgWC4X2913IhKst1qUTkCjox2GwgwvUFdDbI0 root@ubuntu-xenial (ECDSA)
<14>May 22 11:52:23 ec2: 256 SHA256:vcOJXRCiUFsQI5gMW902lDDFZwrdk0erX00kzsHBoH0 root@ubuntu-xenial (ED25519)
<14>May 22 11:52:23 ec2: 2048 SHA256:MaFxSZnw+N0aIuKILvLgk9aPeh+/MCvbHU9CHAM9mNM root@ubuntu-xenial (RSA)
<14>May 22 11:52:23 ec2: -----END SSH HOST KEY FINGERPRINTS-----
<14>May 22 11:52:23 ec2: #############################################################
-----BEGIN SSH HOST KEY KEYS-----
ecdsa-sha2-nistp256 AAAAE2VjZHNhLXNoYTItbmlzdHAyNTYAAAAIbmlzdHAyNTYAAABBBOK3eMZzaCREKCF/AZsPfWkgEYf4rZfbrBi1LUgRshQPtt+5G3ThaT9wsVZL8wTMNEjPqtJByr1kRW4Fq4lT9H8= root@ubuntu-xenial
ssh-ed25519 AAAAC3NzaC1lZDI1NTE5AAAAIJDObTGgqK1N6tDgMms2kxg5JbSDDQK23cHZetKok5Yp root@ubuntu-xenial
ssh-rsa AAAAB3NzaC1yc2EAAAADAQABAAABAQDM31sYNL/1iLkqkRjwvQ5TzLFokMrfhmdl7bn0oGr/WK+S/IEKlI6Ln+XkK2YisrYMu0l5RJvflsP203GCvyjgMU93A6NhxKIuXPcb+ccXIxuf6Ma/ceI7t3eDSzI0azlBKkV4SPVTFWqXnfcSd0hPaN7nbSOh1sd57CPWOPhPN4p/rAUwFWTP2D6Uk6ZxiCO24cJNMvyH165LCAUZYB9KDnFCO6S/G1JjIDp/PPAhso9fM6Pd+BchPuKZv1Vn04c0QRCe7kYcZ0unJMvTGIk3RJAHZSPmxUwtfxYmUx4myGw2+jkP9AUgdv9BwMNA2GpQzq6c5SYsIoNUTvLpHcdt root@ubuntu-xenial
-----END SSH HOST KEY KEYS-----
[   62.422189] cloud-init[1756]: Cloud-init v. 20.4.1-0ubuntu1~16.04.1 running 'modules:final' at Sat, 22 May 2021 11:52:23 +0000. Up 61.95 seconds.
[   62.496662] cloud-init[1756]: ci-info: no authorized SSH keys fingerprints found for user ubuntu.
[   62.517035] cloud-init[1756]: Cloud-init v. 20.4.1-0ubuntu1~16.04.1 finished at Sat, 22 May 2021 11:52:23 +0000. Datasource DataSourceNoCloud [seed=/dev/sdb][dsmode=net].  Up 62.40 seconds
