[    0.000000] Initializing cgroup subsys cpuset
[    0.000000] Initializing cgroup subsys cpu
[    0.000000] Initializing cgroup subsys cpuacct
[    0.000000] Linux version 4.4.0-208-generic (buildd@lcy01-amd64-014) (gcc version 5.4.0 20160609 (Ubuntu 5.4.0-6ubuntu1~16.04.12) ) #240-Ubuntu SMP Thu Apr 1 11:08:43 UTC 2021 (Ubuntu 4.4.0-208.240-generic 4.4.262)
[    0.000000] Command line: BOOT_IMAGE=/boot/vmlinuz-4.4.0-208-generic root=LABEL=cloudimg-rootfs ro console=tty1 console=ttyS0
[    0.000000] KERNEL supported cpus:
[    0.000000]   Intel GenuineIntel
[    0.000000]   AMD AuthenticAMD
[    0.000000]   Centaur CentaurHauls
[    0.000000] x86/fpu: xstate_offset[2]:  576, xstate_sizes[2]:  256
[    0.000000] x86/fpu: Supporting XSAVE feature 0x01: 'x87 floating point registers'
[    0.000000] x86/fpu: Supporting XSAVE feature 0x02: 'SSE registers'
[    0.000000] x86/fpu: Supporting XSAVE feature 0x04: 'AVX registers'
[    0.000000] x86/fpu: Enabled xstate features 0x7, context size is 832 bytes, using 'standard' format.
[    0.000000] e820: BIOS-provided physical RAM map:
[    0.000000] BIOS-e820: [mem 0x0000000000000000-0x000000000009fbff] usable
[    0.000000] BIOS-e820: [mem 0x000000000009fc00-0x000000000009ffff] reserved
[    0.000000] BIOS-e820: [mem 0x00000000000f0000-0x00000000000fffff] reserved
[    0.000000] BIOS-e820: [mem 0x0000000000100000-0x000000003ffeffff] usable
[    0.000000] BIOS-e820: [mem 0x000000003fff0000-0x000000003fffffff] ACPI data
[    0.000000] BIOS-e820: [mem 0x00000000fec00000-0x00000000fec00fff] reserved
[    0.000000] BIOS-e820: [mem 0x00000000fee00000-0x00000000fee00fff] reserved
[    0.000000] BIOS-e820: [mem 0x00000000fffc0000-0x00000000ffffffff] reserved
[    0.000000] NX (Execute Disable) protection: active
[    0.000000] SMBIOS 2.5 present.
[    0.000000] Hypervisor detected: KVM
[    0.000000] e820: last_pfn = 0x3fff0 max_arch_pfn = 0x400000000
[    0.000000] MTRR: Disabled
[    0.000000] x86/PAT: MTRRs disabled, skipping PAT initialization too.
[    0.000000] CPU MTRRs all blank - virtualized system.
[    0.000000] x86/PAT: Configuration [0-7]: WB  WT  UC- UC  WB  WT  UC- UC  
[    0.000000] found SMP MP-table at [mem 0x0009fff0-0x0009ffff] mapped at [ffff88000009fff0]
[    0.000000] Scanning 1 areas for low memory corruption
[    0.000000] RAMDISK: [mem 0x362de000-0x37166fff]
[    0.000000] ACPI: Early table checksum verification disabled
[    0.000000] ACPI: RSDP 0x00000000000E0000 000024 (v02 VBOX  )
[    0.000000] ACPI: XSDT 0x000000003FFF0030 00003C (v01 VBOX   VBOXXSDT 00000001 ASL  00000061)
[    0.000000] ACPI: FACP 0x000000003FFF00F0 0000F4 (v04 VBOX   VBOXFACP 00000001 ASL  00000061)
[    0.000000] ACPI: DSDT 0x000000003FFF0470 002325 (v02 VBOX   VBOXBIOS 00000002 INTL 20190509)
[    0.000000] ACPI: FACS 0x000000003FFF0200 000040
[    0.000000] ACPI: FACS 0x000000003FFF0200 000040
[    0.000000] ACPI: APIC 0x000000003FFF0240 00005C (v02 VBOX   VBOXAPIC 00000001 ASL  00000061)
[    0.000000] ACPI: SSDT 0x000000003FFF02A0 0001CC (v01 VBOX   VBOXCPUT 00000002 INTL 20190509)
[    0.000000] No NUMA configuration found
[    0.000000] Faking a node at [mem 0x0000000000000000-0x000000003ffeffff]
[    0.000000] NODE_DATA(0) allocated [mem 0x3ffeb000-0x3ffeffff]
[    0.000000] kvm-clock: Using msrs 4b564d01 and 4b564d00
[    0.000000] kvm-clock: cpu 0, msr 0:3ffe3001, primary cpu clock
[    0.000000] kvm-clock: using sched offset of 7973532426 cycles
[    0.000000] clocksource: kvm-clock: mask: 0xffffffffffffffff max_cycles: 0x1cd42e4dffb, max_idle_ns: 881590591483 ns
[    0.000000] Zone ranges:
[    0.000000]   DMA      [mem 0x0000000000001000-0x0000000000ffffff]
[    0.000000]   DMA32    [mem 0x0000000001000000-0x000000003ffeffff]
[    0.000000]   Normal   empty
[    0.000000]   Device   empty
[    0.000000] Movable zone start for each node
[    0.000000] Early memory node ranges
[    0.000000]   node   0: [mem 0x0000000000001000-0x000000000009efff]
[    0.000000]   node   0: [mem 0x0000000000100000-0x000000003ffeffff]
[    0.000000] Initmem setup node 0 [mem 0x0000000000001000-0x000000003ffeffff]
[    0.000000] ACPI: PM-Timer IO Port: 0x4008
[    0.000000] IOAPIC[0]: apic_id 2, version 32, address 0xfec00000, GSI 0-23
[    0.000000] ACPI: INT_SRC_OVR (bus 0 bus_irq 0 global_irq 2 dfl dfl)
[    0.000000] ACPI: INT_SRC_OVR (bus 0 bus_irq 9 global_irq 9 low level)
[    0.000000] Using ACPI (MADT) for SMP configuration information
[    0.000000] smpboot: Allowing 2 CPUs, 0 hotplug CPUs
[    0.000000] PM: Registered nosave memory: [mem 0x00000000-0x00000fff]
[    0.000000] PM: Registered nosave memory: [mem 0x0009f000-0x0009ffff]
[    0.000000] PM: Registered nosave memory: [mem 0x000a0000-0x000effff]
[    0.000000] PM: Registered nosave memory: [mem 0x000f0000-0x000fffff]
[    0.000000] e820: [mem 0x40000000-0xfebfffff] available for PCI devices
[    0.000000] Booting paravirtualized kernel on KVM
[    0.000000] clocksource: refined-jiffies: mask: 0xffffffff max_cycles: 0xffffffff, max_idle_ns: 7645519600211568 ns
[    0.000000] setup_percpu: NR_CPUS:512 nr_cpumask_bits:512 nr_cpu_ids:2 nr_node_ids:1
[    0.000000] PERCPU: Embedded 33 pages/cpu @ffff88003fc00000 s95192 r8192 d31784 u1048576
[    0.000000] Built 1 zonelists in Node order, mobility grouping on.  Total pages: 257912
[    0.000000] Policy zone: DMA32
[    0.000000] Kernel command line: BOOT_IMAGE=/boot/vmlinuz-4.4.0-208-generic root=LABEL=cloudimg-rootfs ro console=tty1 console=ttyS0
[    0.000000] PID hash table entries: 4096 (order: 3, 32768 bytes)
[    0.000000] Memory: 997796K/1048120K available (8644K kernel code, 1332K rwdata, 4044K rodata, 1492K init, 1164K bss, 50324K reserved, 0K cma-reserved)
[    0.000000] SLUB: HWalign=64, Order=0-3, MinObjects=0, CPUs=2, Nodes=1
[    0.000000] Kernel/User page tables isolation: enabled
[    0.000000] Hierarchical RCU implementation.
[    0.000000] 	Build-time adjustment of leaf fanout to 64.
[    0.000000] 	RCU restricting CPUs from NR_CPUS=512 to nr_cpu_ids=2.
[    0.000000] RCU: Adjusting geometry for rcu_fanout_leaf=64, nr_cpu_ids=2
[    0.000000] NR_IRQS:33024 nr_irqs:440 16
[    0.000000] Console: colour VGA+ 80x25
[    0.000000] console [tty1] enabled
[    0.000000] console [ttyS0] enabled
[    0.000000] tsc: Detected 2992.968 MHz processor
[    1.288170] Calibrating delay loop (skipped) preset value.. 5985.93 BogoMIPS (lpj=11971872)
[    1.304270] pid_max: default: 32768 minimum: 301
[    1.312546] ACPI: Core revision 20150930
[    1.321773] ACPI: 2 ACPI AML tables successfully acquired and loaded
[    1.335086] Security Framework initialized
[    1.342851] Yama: becoming mindful.
[    1.349872] AppArmor: AppArmor initialized
[    1.358522] Dentry cache hash table entries: 131072 (order: 8, 1048576 bytes)
[    1.375492] Inode-cache hash table entries: 65536 (order: 7, 524288 bytes)
[    1.387104] Mount-cache hash table entries: 2048 (order: 2, 16384 bytes)
[    1.397979] Mountpoint-cache hash table entries: 2048 (order: 2, 16384 bytes)
[    1.412815] Initializing cgroup subsys io
[    1.421580] Initializing cgroup subsys memory
[    1.430370] Initializing cgroup subsys devices
[    1.438668] Initializing cgroup subsys freezer
[    1.448020] Initializing cgroup subsys net_cls
[    1.459830] Initializing cgroup subsys perf_event
[    1.468356] Initializing cgroup subsys net_prio
[    1.476780] Initializing cgroup subsys hugetlb
[    1.485532] Initializing cgroup subsys pids
[    1.495305] mce: CPU supports 0 MCE banks
[    1.503922] Last level iTLB entries: 4KB 64, 2MB 8, 4MB 8
[    1.514113] Last level dTLB entries: 4KB 64, 2MB 0, 4MB 0, 1GB 4
[    1.525467] Spectre V1 : Mitigation: usercopy/swapgs barriers and __user pointer sanitization
[    1.541903] Spectre V2 : Mitigation: Full generic retpoline
[    1.552750] Spectre V2 : Spectre v2 / SpectreRSB mitigation: Filling RSB on context switch
[    1.569020] Speculative Store Bypass: Vulnerable
[    1.578737] MDS: Mitigation: Clear CPU buffers
[    1.635729] Freeing SMP alternatives memory: 36K
[    1.772127] ftrace: allocating 32380 entries in 127 pages
[    2.469158] smpboot: APIC(0) Converting physical 0 to logical package 0
[    2.480919] smpboot: Max logical packages: 1
[    2.492025] x2apic enabled
[    2.501016] Switched APIC routing to physical x2apic.
[    2.522250] ..TIMER: vector=0x30 apic1=0 pin1=2 apic2=-1 pin2=-1
[    2.645808] smpboot: CPU0: Intel(R) Xeon(R) Gold 6248R CPU @ 3.00GHz (family: 0x6, model: 0x4f, stepping: 0x0)
[    2.668816] Performance Events: unsupported p6 CPU model 79 no PMU driver, software events only.
[    2.778715] KVM setup paravirtual spinlock
[    2.788105] x86: Booting SMP configuration:
[    2.795885] .... node  #0, CPUs:      #1
[    2.805878] kvm-clock: cpu 1, msr 0:3ffe3041, secondary cpu clock
[    2.827479] mce: CPU supports 0 MCE banks
[    2.838561] x86: Booted up 1 node, 2 CPUs
[    2.847911] smpboot: Total of 2 processors activated (11971.87 BogoMIPS)
[    2.862450] devtmpfs: initialized
[    2.873811] evm: security.selinux
[    2.880980] evm: security.SMACK64
[    2.887911] evm: security.SMACK64EXEC
[    2.895868] evm: security.SMACK64TRANSMUTE
[    2.903729] evm: security.SMACK64MMAP
[    2.911856] evm: security.ima
[    2.918500] evm: security.capability
[    2.927150] clocksource: jiffies: mask: 0xffffffff max_cycles: 0xffffffff, max_idle_ns: 7645041785100000 ns
[    2.945038] futex hash table entries: 512 (order: 3, 32768 bytes)
[    2.956477] pinctrl core: initialized pinctrl subsystem
[    2.966411] RTC time:  9:40:13, date: 05/22/21
[    2.988821] NET: Registered protocol family 16
[    3.009313] cpuidle: using governor ladder
[    3.024720] cpuidle: using governor menu
[    3.032070] PCCT header not found.
[    3.039556] ACPI: bus type PCI registered
[    3.047682] acpiphp: ACPI Hot Plug PCI Controller Driver version: 0.5
[    3.064384] PCI: Using configuration type 1 for base access
[    3.116193] ACPI: Added _OSI(Module Device)
[    3.143194] ACPI: Added _OSI(Processor Device)
[    3.170024] ACPI: Added _OSI(3.0 _SCP Extensions)
[    3.184869] ACPI: Added _OSI(Processor Aggregator Device)
[    3.209704] ACPI: Executed 1 blocks of module-level executable AML code
[    3.249839] ACPI: Interpreter enabled
[    3.267699] ACPI: (supports S0 S5)
[    3.284296] ACPI: Using IOAPIC for interrupt routing
[    3.295853] PCI: Using host bridge windows from ACPI; if necessary, use "pci=nocrs" and report a bug
[    3.333855] ACPI: PCI Root Bridge [PCI0] (domain 0000 [bus 00-ff])
[    3.345106] acpi PNP0A03:00: _OSC: OS supports [ASPM ClockPM Segments MSI]
[    3.358269] acpi PNP0A03:00: _OSC: not requesting OS control; OS requires [ExtendedConfig ASPM ClockPM MSI]
[    3.377635] acpi PNP0A03:00: fail to add MMCONFIG information, can't access extended PCI configuration space under this bridge.
[    3.401287] PCI host bridge to bus 0000:00
[    3.410318] pci_bus 0000:00: root bus resource [io  0x0000-0x0cf7 window]
[    3.423782] pci_bus 0000:00: root bus resource [io  0x0d00-0xffff window]
[    3.438235] pci_bus 0000:00: root bus resource [mem 0x000a0000-0x000bffff window]
[    3.453754] pci_bus 0000:00: root bus resource [mem 0x40000000-0xfdffffff window]
[    3.468962] pci_bus 0000:00: root bus resource [bus 00-ff]
[    3.493260] pci 0000:00:01.1: legacy IDE quirk: reg 0x10: [io  0x01f0-0x01f7]
[    3.505394] pci 0000:00:01.1: legacy IDE quirk: reg 0x14: [io  0x03f6]
[    3.517127] pci 0000:00:01.1: legacy IDE quirk: reg 0x18: [io  0x0170-0x0177]
[    3.529343] pci 0000:00:01.1: legacy IDE quirk: reg 0x1c: [io  0x0376]
[    3.767925] pci 0000:00:07.0: quirk: [io  0x4000-0x403f] claimed by PIIX4 ACPI
[    3.785063] pci 0000:00:07.0: quirk: [io  0x4100-0x410f] claimed by PIIX4 SMB
[    3.886113] ACPI: PCI Interrupt Link [LNKA] (IRQs 5 9 10 *11)
[    3.902690] ACPI: PCI Interrupt Link [LNKB] (IRQs 5 9 *10 11)
[    3.919142] ACPI: PCI Interrupt Link [LNKC] (IRQs 5 *9 10 11)
[    3.938809] ACPI: PCI Interrupt Link [LNKD] (IRQs 5 9 10 *11)
[    3.954821] ACPI: Enabled 2 GPEs in block 00 to 07
[    3.969066] vgaarb: setting as boot device: PCI:0000:00:02.0
[    3.980376] vgaarb: device added: PCI:0000:00:02.0,decodes=io+mem,owns=io+mem,locks=none
[    3.995932] vgaarb: loaded
[    4.001980] vgaarb: bridge control possible 0000:00:02.0
[    4.012201] SCSI subsystem initialized
[    4.020495] ACPI: bus type USB registered
[    4.028269] usbcore: registered new interface driver usbfs
[    4.039014] usbcore: registered new interface driver hub
[    4.048373] usbcore: registered new device driver usb
[    4.063757] PCI: Using ACPI for IRQ routing
[    4.074427] NetLabel: Initializing
[    4.081947] NetLabel:  domain hash size = 128
[    4.090635] NetLabel:  protocols = UNLABELED CIPSOv4
[    4.099527] NetLabel:  unlabeled traffic allowed by default
[    4.109651] amd_nb: Cannot enumerate AMD northbridges
[    4.119125] clocksource: Switched to clocksource kvm-clock
[    4.148280] AppArmor: AppArmor Filesystem Enabled
[    4.156694] pnp: PnP ACPI init
[    4.165888] pnp: PnP ACPI: found 3 devices
[    4.220641] clocksource: acpi_pm: mask: 0xffffff max_cycles: 0xffffff, max_idle_ns: 2085701024 ns
[    4.244146] NET: Registered protocol family 2
[    4.256325] TCP established hash table entries: 8192 (order: 4, 65536 bytes)
[    4.274569] TCP bind hash table entries: 8192 (order: 5, 131072 bytes)
[    4.289439] TCP: Hash tables configured (established 8192 bind 8192)
[    4.302397] UDP hash table entries: 512 (order: 2, 16384 bytes)
[    4.335489] UDP-Lite hash table entries: 512 (order: 2, 16384 bytes)
[    4.348772] NET: Registered protocol family 1
[    4.360186] pci 0000:00:00.0: Limiting direct PCI/PCI transfers
[    4.374472] pci 0000:00:01.0: Activating ISA DMA hang workarounds
[    4.389545] Unpacking initramfs...
[    5.049430] Freeing initrd memory: 14884K
[    5.063838] clocksource: tsc: mask: 0xffffffffffffffff max_cycles: 0x2b24529d36c, max_idle_ns: 440795353363 ns
[    5.093732] platform rtc_cmos: registered platform RTC device (no PNP device found)
[    5.117226] Scanning for low memory corruption every 60 seconds
[    5.139300] audit: initializing netlink subsys (disabled)
[    5.157098] audit: type=2000 audit(1621676423.137:1): initialized
[    5.175879] Initialise system trusted keyring
[    5.193350] HugeTLB registered 2 MB page size, pre-allocated 0 pages
[    5.220712] zbud: loaded
[    5.234083] VFS: Disk quotas dquot_6.6.0
[    5.250874] VFS: Dquot-cache hash table entries: 512 (order 0, 4096 bytes)
[    5.277636] squashfs: version 4.0 (2009/01/31) Phillip Lougher
[    5.299005] fuse init (API version 7.23)
[    5.314266] Key type big_key registered
[    5.330016] Allocating IMA MOK and blacklist keyrings.
[    5.356603] Key type asymmetric registered
[    5.371228] Asymmetric key parser 'x509' registered
[    5.389747] Block layer SCSI generic (bsg) driver version 0.4 loaded (major 249)
[    5.417900] io scheduler noop registered
[    5.431819] io scheduler deadline registered (default)
[    5.449347] io scheduler cfq registered
[    5.462873] pci_hotplug: PCI Hot Plug PCI Core version: 0.5
[    5.481235] pciehp: PCI Express Hot Plug Controller Driver version: 0.4
[    5.501807] ACPI: AC Adapter [AC] (on-line)
[    5.516239] input: Power Button as /devices/LNXSYSTM:00/LNXPWRBN:00/input/input0
[    5.544649] ACPI: Power Button [PWRF]
[    5.559522] input: Sleep Button as /devices/LNXSYSTM:00/LNXSLPBN:00/input/input1
[    5.585788] ACPI: Sleep Button [SLPF]
[    5.601303] GHES: HEST is not enabled!
[    5.619762] Serial: 8250/16550 driver, 32 ports, IRQ sharing enabled
[    5.684909] 00:02: ttyS0 at I/O 0x3f8 (irq = 4, base_baud = 115200) is a 16550A
[    5.725301] Linux agpgart interface v0.103
[    5.764249] loop: module loaded
[    5.832748] scsi host0: ata_piix
[    5.888165] scsi host1: ata_piix
[    5.899775] ata1: PATA max UDMA/33 cmd 0x1f0 ctl 0x3f6 bmdma 0xd000 irq 14
[    5.920615] ata2: PATA max UDMA/33 cmd 0x170 ctl 0x376 bmdma 0xd008 irq 15
[    5.941902] libphy: Fixed MDIO Bus: probed
[    5.952931] tun: Universal TUN/TAP device driver, 1.6
[    5.962072] tun: (C) 1999-2004 Max Krasnyansky <maxk@qualcomm.com>
[    5.972855] PPP generic driver version 2.4.2
[    5.981634] ehci_hcd: USB 2.0 'Enhanced' Host Controller (EHCI) Driver
[    5.993964] ehci-pci: EHCI PCI platform driver
[    6.003921] ehci-platform: EHCI generic platform driver
[    6.014114] ohci_hcd: USB 1.1 'Open' Host Controller (OHCI) Driver
[    6.026660] ohci-pci: OHCI PCI platform driver
[    6.035725] ohci-platform: OHCI generic platform driver
[    6.046220] uhci_hcd: USB Universal Host Controller Interface driver
[    6.058729] i8042: PNP: PS/2 Controller [PNP0303:PS2K,PNP0f03:PS2M] at 0x60,0x64 irq 1,12
[    6.078914] serio: i8042 KBD port at 0x60,0x64 irq 1
[    6.089746] serio: i8042 AUX port at 0x60,0x64 irq 12
[    6.100603] mousedev: PS/2 mouse device common for all mice
[    6.121660] rtc_cmos rtc_cmos: rtc core: registered rtc_cmos as rtc0
[    6.135268] rtc_cmos rtc_cmos: alarms up to one day, 114 bytes nvram
[    6.152131] i2c /dev entries driver
[    6.160849] device-mapper: uevent: version 1.0.3
[    6.171291] device-mapper: ioctl: 4.34.0-ioctl (2015-10-28) initialised: dm-devel@redhat.com
[    6.190150] ledtrig-cpu: registered to indicate activity on CPUs
[    6.209875] NET: Registered protocol family 10
[    6.265027] NET: Registered protocol family 17
[    6.265043] input: AT Translated Set 2 keyboard as /devices/platform/i8042/serio0/input/input2
[    6.327532] Key type dns_resolver registered
[    6.351735] registered taskstats version 1
[    6.372257] Loading compiled-in X.509 certificates
[    6.393090] Loaded X.509 cert 'Build time autogenerated kernel key: a4b2c42f3c1ff894301f5dfced938a35dbe4f21d'
[    6.434836] zswap: loaded using pool lzo/zbud
[    6.458037] Key type trusted registered
[    6.484623] Key type encrypted registered
[    6.499075] AppArmor: AppArmor sha1 policy hashing enabled
[    6.517681] ima: No TPM chip found, activating TPM-bypass!
[    6.538383] ima: Allocated hash algorithm: sha1
[    6.555877] evm: HMAC attrs: 0x1
[    6.572074]   Magic number: 5:732:677
[    6.587914] rtc_cmos rtc_cmos: setting system clock to 2021-05-22 09:40:17 UTC (1621676417)
[    6.628085] BIOS EDD facility v0.16 2004-Jun-25, 0 devices found
[    6.652742] EDD information not available.
[    6.676622] Freeing unused kernel memory: 1492K
[    6.693264] Write protecting the kernel read-only data: 14336k
[    6.719921] Freeing unused kernel memory: 1584K
[    6.738706] Freeing unused kernel memory: 52K
Loading, please wait...
starting version 229
[    6.795752] random: udevadm: uninitialized urandom read (16 bytes read, 5 bits of entropy available)
[    6.807458] random: systemd-udevd: uninitialized urandom read (16 bytes read, 5 bits of entropy available)
[    6.807602] random: systemd-udevd: uninitialized urandom read (16 bytes read, 5 bits of entropy available)
[    6.807617] random: systemd-udevd: uninitialized urandom read (16 bytes read, 5 bits of entropy available)
[    6.807636] random: systemd-udevd: uninitialized urandom read (16 bytes read, 5 bits of entropy available)
[    7.020497] random: udevadm: uninitialized urandom read (16 bytes read, 5 bits of entropy available)
[    7.103139] random: systemd-udevd: uninitialized urandom read (16 bytes read, 5 bits of entropy available)
[    7.152748] random: systemd-udevd: uninitialized urandom read (16 bytes read, 5 bits of entropy available)
[    7.190898] random: systemd-udevd: uninitialized urandom read (16 bytes read, 5 bits of entropy available)
[    7.235874] random: systemd-udevd: uninitialized urandom read (16 bytes read, 5 bits of entropy available)
[    7.415306] Fusion MPT base driver 3.04.20
[    7.424185] Copyright (c) 1999-2008 LSI Corporation
[    7.444292] e1000: Intel(R) PRO/1000 Network Driver - version 7.3.21-k8-NAPI
[    7.458548] e1000: Copyright (c) 1999-2006 Intel Corporation.
[    7.512506] Fusion MPT SPI Host driver 3.04.20
[    7.549529] mptbase: ioc0: Initiating bringup
[    7.572700] AVX2 version of gcm_enc/dec engaged.
[    7.584247] AES CTR mode by8 optimization enabled
[    7.650175] ioc0: LSI53C1030 A0: Capabilities={Initiator}
[    7.734283] input: ImExPS/2 Generic Explorer Mouse as /devices/platform/i8042/serio1/input/input4
[    7.908621] scsi host2: ioc0: LSI53C1030 A0, FwRev=00000000h, Ports=1, MaxQ=256, IRQ=20
[    8.049516] scsi 2:0:0:0: Direct-Access     VBOX     HARDDISK         1.0  PQ: 0 ANSI: 5
[    8.066106] scsi target2:0:0: Beginning Domain Validation
[    8.081229] scsi target2:0:0: Domain Validation skipping write tests
[    8.092359] scsi target2:0:0: Ending Domain Validation
[    8.102277] scsi target2:0:0: asynchronous
[    8.114010] scsi 2:0:1:0: Direct-Access     VBOX     HARDDISK         1.0  PQ: 0 ANSI: 5
[    8.130521] scsi target2:0:1: Beginning Domain Validation
[    8.145205] scsi target2:0:1: Domain Validation skipping write tests
[    8.162022] scsi target2:0:1: Ending Domain Validation
[    8.171847] scsi target2:0:1: asynchronous
[    8.232627] sd 2:0:0:0: Attached scsi generic sg0 type 0
[    8.247771] sd 2:0:0:0: [sda] 83886080 512-byte logical blocks: (42.9 GB/40.0 GiB)
[    8.453227] sd 2:0:0:0: [sda] Write Protect is off
[    8.592222] sd 2:0:0:0: [sda] Incomplete mode parameter data
[    8.608736] sd 2:0:0:0: [sda] Assuming drive cache: write through
[    8.647380] sd 2:0:1:0: Attached scsi generic sg1 type 0
[    8.729887] sd 2:0:1:0: [sdb] 20480 512-byte logical blocks: (10.5 MB/10.0 MiB)
[    8.869646]  sda: sda1
[    8.898734] sd 2:0:0:0: [sda] Attached SCSI disk
[    8.918166] sd 2:0:1:0: [sdb] Write Protect is off
[    8.945753] sd 2:0:1:0: [sdb] Incomplete mode parameter data
[    8.966636] sd 2:0:1:0: [sdb] Assuming drive cache: write through
[    9.085604] sd 2:0:1:0: [sdb] Attached SCSI disk
[   10.111299] e1000 0000:00:03.0 eth0: (PCI:33MHz:32-bit) 02:84:1b:29:91:81
[   10.134117] e1000 0000:00:03.0 eth0: Intel(R) PRO/1000 Network Connection
[   11.291649] e1000 0000:00:08.0 eth1: (PCI:33MHz:32-bit) 08:00:27:d1:8c:22
[   11.303929] e1000 0000:00:08.0 eth1: Intel(R) PRO/1000 Network Connection
[   11.322372] e1000 0000:00:03.0 enp0s3: renamed from eth0
[   11.356294] e1000 0000:00:08.0 enp0s8: renamed from eth1
Begin: Loading essential drivers ... [   16.524014] md: linear personality registered for level -1
[   16.566818] md: multipath personality registered for level -4
[   16.603225] md: raid0 personality registered for level 0
[   16.670764] md: raid1 personality registered for level 1
[   16.775334] raid6: sse2x1   gen()  1608 MB/s
[   16.859243] raid6: sse2x1   xor()  2987 MB/s
[   16.935155] raid6: sse2x2   gen()  7729 MB/s
[   17.011266] raid6: sse2x2   xor()  5800 MB/s
[   17.087244] raid6: sse2x4   gen() 10076 MB/s
[   17.163295] raid6: sse2x4   xor()  7499 MB/s
[   17.239258] raid6: avx2x1   gen() 10954 MB/s
[   17.315366] raid6: avx2x2   gen()  9601 MB/s
[   17.407494] raid6: avx2x4   gen()  2496 MB/s
[   17.441224] raid6: using algorithm avx2x1 gen() 10954 MB/s
[   17.484484] raid6: using avx2x2 recovery algorithm
[   17.514290] xor: automatically using best checksumming function:
[   17.571247]    avx       : 16791.000 MB/sec
[   17.582295] async_tx: api initialized (async)
[   17.667390] md: raid6 personality registered for level 6
[   17.678998] md: raid5 personality registered for level 5
[   17.690960] md: raid4 personality registered for level 4
[   17.736719] md: raid10 personality registered for level 10
done.
Begin: Running /scripts/init-premount ... done.
Begin: Mounting root file system ... Begin: Running /scripts/local-top ... done.
Begin: Running /scripts/local-premount ... [   17.873672] Btrfs loaded
Scanning for Btrfs filesystems
done.
Warning: fsck not present, so skipping root file system
[   17.981606] EXT4-fs (sda1): mounted filesystem with ordered data mode. Opts: (null)
done.
Begin: Running /scripts/local-bottom ... done.
Begin: Running /scripts/init-bottom ... done.
[   18.491766] systemd[1]: systemd 229 running in system mode. (+PAM +AUDIT +SELINUX +IMA +APPARMOR +SMACK +SYSVINIT +UTMP +LIBCRYPTSETUP +GCRYPT +GNUTLS +ACL +XZ -LZ4 +SECCOMP +BLKID +ELFUTILS +KMOD -IDN)
[   18.576360] systemd[1]: Detected virtualization oracle.
[   18.602178] systemd[1]: Detected architecture x86-64.

Welcome to [1mUbuntu 16.04.7 LTS[0m!

[   18.893459] systemd[1]: Set hostname to <ubuntu>.
[   18.925972] systemd[1]: Initializing machine ID from random generator.
[   18.952997] systemd[1]: Installed transient /etc/machine-id file.
[   19.262507] random: nonblocking pool is initialized
[   19.538617] systemd[1]: Listening on udev Kernel Socket.
[[0;32m  OK  [0m] Listening on udev Kernel Socket.
[   19.566819] systemd[1]: Listening on /dev/initctl Compatibility Named Pipe.
[[0;32m  OK  [0m] Listening on /dev/initctl Compatibility Named Pipe.
[   19.600425] systemd[1]: Listening on LVM2 metadata daemon socket.
[[0;32m  OK  [0m] Listening on LVM2 metadata daemon socket.
[   19.637867] systemd[1]: Listening on Journal Socket (/dev/log).
[[0;32m  OK  [0m] Listening on Journal Socket (/dev/log).
[   19.673935] systemd[1]: Reached target Encrypted Volumes.
[[0;32m  OK  [0m] Reached target Encrypted Volumes.
[   19.701447] systemd[1]: Started Trigger resolvconf update for networkd DNS.
[[0;32m  OK  [0m] Started Trigger resolvconf update for networkd DNS.
[   19.739337] systemd[1]: Listening on fsck to fsckd communication Socket.
[[0;32m  OK  [0m] Listening on fsck to fsckd communication Socket.
[   19.771637] systemd[1]: Listening on LVM2 poll daemon socket.
[[0;32m  OK  [0m] Listening on LVM2 poll daemon socket.
[   19.802955] systemd[1]: Listening on Journal Socket.
[[0;32m  OK  [0m] Listening on Journal Socket.
[   19.839943] systemd[1]: Created slice User and Session Slice.
[[0;32m  OK  [0m] Created slice User and Session Slice.
[   19.877457] systemd[1]: Created slice System Slice.
[[0;32m  OK  [0m] Created slice System Slice.
[   19.955853] systemd[1]: Starting Create list of required static device nodes for the current kernel...
         Starting Create list of required st... nodes for the current kernel...
[   20.180568] systemd[1]: Created slice system-serial\x2dgetty.slice.
[[0;32m  OK  [0m] Created slice system-serial\x2dgetty.slice.
[   20.263066] systemd[1]: Starting File System Check on Root Device...
         Starting File System Check on Root Device...
[   20.308051] systemd[1]: Reached target Slices.
[[0;32m  OK  [0m] Reached target Slices.
[   20.339560] systemd[1]: Mounting POSIX Message Queue File System...
         Mounting POSIX Message Queue File System...
[   20.365068] systemd[1]: Starting Uncomplicated firewall...
         Starting Uncomplicated firewall...
[   20.399192] systemd[1]: Starting Nameserver information manager...
         Starting Nameserver information manager...
[   20.431877] systemd[1]: Mounting Huge Pages File System...
         Mounting Huge Pages File System...
[   20.457535] systemd[1]: Starting Load Kernel Modules...
         Starting Load Kernel Modules...
[   20.481374] systemd[1]: Starting Set console keymap...
         Starting Set console keymap...
[   20.512918] systemd[1]: Listening on udev Control Socket.
[[0;32m  OK  [0m] Listening on udev Control Socket.
[   20.533261] systemd[1]: Mounting Debug File System...
[   20.546366] Loading iSCSI transport class v2.0-870.
         Mounting Debug File System...
[   20.575498] systemd[1]: Listening on Syslog Socket.
[[0;32m  OK  [0m] Listening on Syslog Socket.
[   20.597982] systemd[1]: Listening on Device-mapper event daemon FIFOs.
[[0;32m  OK  [0m] Listening on Device-mapper event daemon FIFOs.
[   20.637288] systemd[1]: Reached target User and Group Name Lookups.
[[0;32m  OK  [0m] Reached target User and Group Name Lookups.
[   20.680994] systemd[1]: Started Forward Password Requests to Wall Directory Watch.
[[0;32m  OK  [0m] Started Forward Password Requests to Wall Directory Watch.
[   20.726886] systemd[1]: Set up automount Arbitrary Executable File Formats File System Automount Point.
[   20.758405] iscsi: registered transport (tcp)
[[0;32m  OK  [0m] Set up automount Arbitrary Executab...ats File System Automount Point.
[   20.791444] systemd[1]: Listening on Journal Audit Socket.
[[0;32m  OK  [0m] Listening on Journal Audit Socket.
[   20.845204] systemd[1]: Starting Journal Service...
         Starting Journal Service...
[   20.912407] systemd[1]: Starting Monitoring of LVM2 mirrors, snapshots etc. using dmeventd or progress polling...
         Starting Monitoring of LVM2 mirrors... dmeventd or progress polling...
[   20.968095] systemd[1]: Reached target Swap.
[[0;32m  OK  [0m] Reached target Swap.
[   21.006049] systemd[1]: Reached target System Time Synchronized.
[[0;32m  OK  [0m] Reached target System Time Synchronized.
[   21.056937] iscsi: registered transport (iser)
[   21.061837] systemd[1]: Mounted POSIX Message Queue File System.
[[0;32m  OK  [0m] Mounted POSIX Message Queue File System.
[   21.100713] systemd[1]: Mounted Huge Pages File System.
[[0;32m  OK  [0m] Mounted Huge Pages File System.
[   21.129684] systemd[1]: Mounted Debug File System.
[[0;32m  OK  [0m] Mounted Debug File System.
[   21.158082] systemd[1]: Started Journal Service.
[[0;32m  OK  [0m] Started Journal Service.
[[0;32m  OK  [0m] Started Create list of required sta...ce nodes for the current kernel.
[[0;32m  OK  [0m] Started File System Check on Root Device.
[[0;32m  OK  [0m] Started Uncomplicated firewall.
[[0;32m  OK  [0m] Started Load Kernel Modules.
[[0;32m  OK  [0m] Started Set console keymap.
[[0;32m  OK  [0m] Started Nameserver information manager.
[[0;32m  OK  [0m] Started File System Check Daemon to report status.
[[0;32m  OK  [0m] Started LVM2 metadata daemon.
         Mounting FUSE Control File System...
         Starting Apply Kernel Variables...
         Starting Remount Root and Kernel File Systems...
         Starting Create Static Device Nodes in /dev...
[[0;32m  OK  [0m] Mounted FUSE Control File System.
[[0;32m  OK  [0m] Started Apply Kernel Variables.
[[0;32m  OK  [0m] Started Remount Root and Kernel File Systems.
[[0;32m  OK  [0m] Started Create Static Device Nodes in /dev.
         Starting udev Kernel Device Manager...
         Starting Load/Save Random Seed...
         Starting Flush Journal to Persistent Storage...
         Starting udev Coldplug all Devices...
[[0;32m  OK  [0m] Started Load/Save Random Seed.
[[0;32m  OK  [0m] Started Flush Journal to Persistent Storage.
[[0;32m  OK  [0m] Started Monitoring of LVM2 mirrors,...ng dmeventd or progress polling.
[[0;32m  OK  [0m] Started udev Kernel Device Manager.
[[0;32m  OK  [0m] Reached target Local File Systems (Pre).
[[0;32m  OK  [0m] Reached target Local File Systems.
         Starting Tell Plymouth To Write Out Runtime Data...
         Starting Commit a transient machine-id on disk...
         Starting LSB: AppArmor initialization...
         Starting Initial cloud-init job (pre-networking)...
         Starting Create Volatile Files and Directories...
         Starting Set console font and keymap...
[[0;32m  OK  [0m] Started Tell Plymouth To Write Out Runtime Data.
[[0;32m  OK  [0m] Started Commit a transient machine-id on disk.
[[0;32m  OK  [0m] Started Create Volatile Files and Directories.
         Starting Update UTMP about System Boot/Shutdown...
[[0;32m  OK  [0m] Started Update UTMP about System Boot/Shutdown.
[[0;32m  OK  [0m] Started udev Coldplug all Devices.
[[0;32m  OK  [0m] Found device /dev/ttyS0.
[[0;32m  OK  [0m] Listening on Load/Save RF Kill Switch Status /dev/rfkill Watch.
[[0;32m  OK  [0m] Started Dispatch Password Requests to Console Directory Watch.
[   25.413821] cloud-init[499]: Cloud-init v. 20.4.1-0ubuntu1~16.04.1 running 'init-local' at Sat, 22 May 2021 09:40:37 +0000. Up 23.89 seconds.
[[0;32m  OK  [0m] Started LSB: AppArmor initialization.
         Starting Load AppArmor profiles managed internally by snapd...
[[0;32m  OK  [0m] Started Initial cloud-init job (pre-networking).
[[0;32m  OK  [0m] Started Load AppArmor profiles managed internally by snapd.
[[0;32m  OK  [0m] Reached target Network (Pre).
         Starting Raise network interfaces...
[[0;32m  OK  [0m] Started Set console font and keymap.
[[0;32m  OK  [0m] Created slice system-getty.slice.
[[0;32m  OK  [0m] Started Raise network interfaces.
         Starting Initial cloud-init job (metadata service crawler)...
[[0;32m  OK  [0m] Reached target Network.
[   39.066539] cloud-init[979]: Cloud-init v. 20.4.1-0ubuntu1~16.04.1 running 'init' at Sat, 22 May 2021 09:40:50 +0000. Up 36.39 seconds.
[   39.140712] cloud-init[979]: ci-info: ++++++++++++++++++++++++++++++++++++++Net device info+++++++++++++++++++++++++++++++++++++++
[   39.221691] cloud-init[979]: ci-info: +--------+-------+----------------------------+---------------+--------+-------------------+
[   39.345773] cloud-init[979]: ci-info: | Device |   Up  |          Address           |      Mask     | Scope  |     Hw-Address    |
[   39.473433] cloud-init[979]: ci-info: +--------+-------+----------------------------+---------------+--------+-------------------+
[   39.573935] cloud-init[979]: ci-info: | enp0s3 |  True |         10.0.2.15          | 255.255.255.0 | global | 02:84:1b:29:91:81 |
[   39.613271] cloud-init[979]: ci-info: | enp0s3 |  True | fe80::84:1bff:fe29:9181/64 |       .       |  link  | 02:84:1b:29:91:81 |
[[0;32m  OK  [0m] Started Initial cloud-init job (metadata service crawler).
[   39.615635] cloud-init[979]: ci-info: | enp0s8 | False |             .              |       .       |   .    | 08:00:27:d1:8c:22 |
[[0;32m  OK  [0m] Reached target System Initialization.[   39.739689] cloud-init[979]: ci-info: |   lo   |  True |         127.0.0.1          |   255.0.0.0   |  host  |         .         |
[   39.776024] cloud-init[979]: ci-info: |   lo   |  True |          ::1/128           |       .       |  host  |         .         |
[   39.788408] cloud-init[979]: ci-info: +--------+-------+----------------------------+---------------+--------+-------------------+
[   39.788511] cloud-init[979]: ci-info: +++++++++++++++++++++++++++Route IPv4 info++++++++++++++++++++++++++++
[   39.788606] cloud-init[979]: ci-info: +-------+-------------+----------+---------------+-----------+-------+
[   39.788666] cloud-init[979]: ci-info: | Route | Destination | Gateway  |    Genmask    | Interface | Flags |
[   39.788758] cloud-init[979]: ci-info: +-------+-------------+----------+---------------+-----------+-------+
[   39.788814] cloud-init[979]: ci-info: |   0   |   0.0.0.0   | 10.0.2.2 |    0.0.0.0    |   enp0s3  |   UG  |
[   39.788865] cloud-init[979]: ci-info: |   1   |   10.0.2.0  | 0.0.0.0  | 255.255.255.0 |   enp0s3  |   U   |
[   39.788917] cloud-init[979]: ci-info: +-------+-------------+----------+---------------+-----------+-------+
[   39.789012] cloud-init[979]: ci-info: +++++++++++++++++++Route IPv6 info+++++++++++++++++++
[   39.789079] cloud-init[979]: ci-info: +-------+-------------+---------+-----------+-------+
[   39.789143] cloud-init[979]: ci-info: | Route | Destination | Gateway | Interface | Flags |
[   39.789195] cloud-init[979]: ci-info: +-------+-------------+---------+-----------+-------+
[   39.789283] cloud-init[979]: ci-info: |   0   |  fe80::/64  |    ::   |   enp0s3  |   U   |
[   39.789806] cloud-init[979]: ci-info: |   4   |   ff00::/8  |    ::   |   enp0s3  |   U   |
[   39.789874] cloud-init[979]: ci-info: +-------+-------------+---------+-----------+-------+
[   39.789929] cloud-init[979]: Generating public/private rsa key pair.
[   39.790003] cloud-init[979]: Your identification has been saved in /etc/ssh/ssh_host_rsa_key.
[   39.790112] cloud-init[979]: Your public key has been saved in /etc/ssh/ssh_host_rsa_key.pub.
[   39.790484] cloud-init[979]: The key fingerprint is:
[   39.790632] cloud-init[979]: SHA256:wDiFjtq4LLts4Y9LMOlzyjaJdDYx0Fq9YCBHdxgsNYQ root@ubuntu-xenial
[   39.790746] cloud-init[979]: The key's randomart image is:
[   39.790848] cloud-init[979]: +---[RSA 2048]----+
[   39.790903] cloud-init[979]: |.o==B+o          |
[   39.790967] cloud-init[979]: |.oE*+B           |
[   39.791030] cloud-init[979]: |  =++ +          |
[   39.791553] cloud-init[979]: | o.o.o .         |
[   39.791662] cloud-init[979]: |++  o   S        |
[   39.791714] cloud-init[979]: |=+.+             |
[   39.791813] cloud-init[979]: |===..            |
[   39.791960] cloud-init[979]: |BB=              |
[   39.792056] cloud-init[979]: |*O+.             |
[   39.792157] cloud-init[979]: +----[SHA256]-----+
[   39.792241] cloud-init[979]: Generating public/private dsa key pair.
[   39.792330] cloud-init[979]: Your identification has been saved in /etc/ssh/ssh_host_dsa_key.
[   39.792471] cloud-init[979]: Your public key has been saved in /etc/ssh/ssh_host_dsa_key.pub.
[   39.792530] cloud-init[979]: The key fingerprint is:
[   39.792586] cloud-init[979]: SHA256:VYcCW969amtvfTid5dHlh8ywx12Qdu6/ApKzTJDQF7w root@ubuntu-xenial
[   39.792675] cloud-init[979]: The key's randomart image is:
[   39.792738] cloud-init[979]: +---[DSA 1024]----+
[   39.792848] cloud-init[979]: |      . ooo .... |
[   39.792941] cloud-init[979]: |     . . *.o.o+ .|
[   39.793022] cloud-init[979]: |      . + +....+ |
[   39.793092] cloud-init[979]: |       o E  .  .+|
[   39.793141] cloud-init[979]: |        S .  *.=+|
[   39.793264] cloud-init[979]: |         = ...*.B|
[   39.793322] cloud-init[979]: |        o + +. =*|
[   39.793462] cloud-init[979]: |         o ..o+.*|
[   39.793540] cloud-init[979]: |           ..oooo|
[   39.793595] cloud-init[979]: +----[SHA256]-----+
[   39.793659] cloud-init[979]: Generating public/private ecdsa key pair.
[   39.793789] cloud-init[979]: Your identification has been saved in /etc/ssh/ssh_host_ecdsa_key.
[   40.008910] cloud-init[979]: Your public key has been saved in /etc/ssh/ssh_host_ecdsa_key.pub.
[   40.008997] cloud-init[979]: The key fingerprint is:
[   40.009057] cloud-init[979]: SHA256:66phXHr4zUNSkAOTgxjZf7TDVINuTea156UO8z/inzw root@ubuntu-xenial
[   40.009151] cloud-init[979]: The key's randomart image is:
[   40.009213] cloud-init[979]: +---[ECDSA 256]---+
[   40.009261] cloud-init[979]: |.= .oo +o        |
[   40.009334] cloud-init[979]: |o o o.B o..      |
[   40.009432] cloud-init[979]: |   . * O . .     |
[   40.009498] cloud-init[979]: |    . B + . . .  |
[   40.009567] cloud-init[979]: |     o.oS  o o   |
[   40.009615] cloud-init[979]: |   . +. ..o o    |
[   40.009664] cloud-init[979]: |    * .o.  =     |
[   40.009728] cloud-init[979]: |   . + +.   +.E. |
[   40.009820] cloud-init[979]: |    ..o.+. ..+=o |
[   40.009884] cloud-init[979]: +----[SHA256]-----+
[   40.009959] cloud-init[979]: Generating public/private ed25519 key pair.
[[0;32m  OK  [0m] Listening on ACPID Listen Socket.
[[0;32m  OK  [0m] Started Daily apt download activities.

[   41.127744]          Starting LXD - unix socket.
cloud-init[979]: Your identification has been saved in /etc/ssh/ssh_host_ed25519_key.
[   41.161611] cloud-init[979]: Your public key has been saved in /etc/ssh/ssh_host_ed25519_key.pub.
[   41.161760] cloud-init[979]: The key fingerprint is:
[   41.163029] cloud-init[979]: SHA256:mMf8tDUaYVkDMYrrK3i7G/feIzE6U/tGpRe1eU72+XY root@ubuntu-xenial
[   41.163203] cloud-init[979]: The key's randomart image is:
[   41.163318] cloud-init[979]: +--[ED25519 256]--+
[   41.163623] cloud-init[979]: |          +oo    |
[   41.163745] cloud-init[979]: |       . . + ..  |
[   41.164810] cloud-init[979]: |      . . +  . o |
[   41.165165] cloud-init[979]: |       * . .o o +|
[   41.165281] cloud-init[979]: |      + S ooo. =o|
[[0;32m  OK  [0m] Started ACPI Events Check.
[[0;32m  OK  [0m] Reached target Paths.
[   41.275783] [[0;32m  OK  [0m] Listening on UUID daemon activation socket.
[[0;32m  OK  [0m] Listening on D-Bus System Message Bus Socket.
[[0;32m  OK  [0m] Started Daily Cleanup of Temporary Directories.
[[0;32m  OK  [0m] Started Message of the Day.
         Starting Socket activation for snappy daemon.
[[0;32m  OK  [0m] Started Daily apt upgrade and clean activities.
[[0;32m  OK  [0m] Reached target Timers.
[[0;32m  OK  [0m] Reached target Network is Online.
cloud-init[979]: |     . .+oo=.. .o|
         Starting iSCSI initiator daemon (iscsid)...
[[0;32m  OK  [0m] Reached target Cloud-config availability.
[[0;32m  OK  [0m] Listening on LXD - unix socket.
[[0;32m  OK  [0m] Listening on Socket activation for snappy daemon.
[[0;32m  OK  [0m] Reached target Sockets.
[[0;32m  OK  [0m] Reached target Basic System.
[   41.414291] cloud-init[979]: |   .. oo =+.    .|
         Starting LXD - container startup/shutdown...
[   41.586861] cloud-init[979]: |  . oo+oo.o     E|
         Starting Virtualbox guest utils...
[   41.677057] cloud-init[979]: |   .+=.+o+o.   ..|
[   41.724810] cloud-init[979]: +----[SHA256]-----+
         Starting Accounts Service...
         Starting LSB: Record successful boot for GRUB...
         Starting Pollinate to seed the pseudo random number generator...
[[0;32m  OK  [0m] Started Deferred execution scheduler.
[[0;32m  OK  [0m] Started ACPI event daemon.
[[0;32m  OK  [0m] Started Regular background program processing daemon.
         Starting Login Service...
         Starting /etc/rc.local Compatibility...
         Starting System Logging Service...
         Starting LSB: MD monitoring daemon...
[[0;32m  OK  [0m] Started FUSE filesystem for LXC.
         Starting Snap Daemon...
[[0;32m  OK  [0m] Started D-Bus System Message Bus.
[[0;32m  OK  [0m] Started System Logging Service.
[[0;32m  OK  [0m] Started LXD - container startup/shutdown.
[[0;32m  OK  [0m] Started /etc/rc.local Compatibility.
[[0;32m  OK  [0m] Started iSCSI initiator daemon (iscsid).
         Starting Authenticate and Authorize Users to Run Privileged Tasks...
         Starting Login to default iSCSI targets...
[[0;32m  OK  [0m] Started LSB: MD monitoring daemon.
[[0;32m  OK  [0m] Started Login Service.
[[0;32m  OK  [0m] Started Unattended Upgrades Shutdown.
[[0;32m  OK  [0m] Started LSB: Record successful boot for GRUB.
[[0;32m  OK  [0m] Started Authenticate and Authorize Users to Run Privileged Tasks.
[[0;32m  OK  [0m] Started Accounts Service.
[[0;32m  OK  [0m] Started Login to default iSCSI targets.
[[0;32m  OK  [0m] Reached target Remote File Systems (Pre).
[[0;32m  OK  [0m] Reached target Remote File Systems.
         Starting LSB: daemon to balance interrupts for SMP systems...
         Starting Permit User Sessions...
         Starting LSB: Set the CPU Frequency Scaling governor to "ondemand"...
         Starting LSB: automatic crash report generation...
[[0;32m  OK  [0m] Started Virtualbox guest utils.
[[0;32m  OK  [0m] Started Pollinate to seed the pseudo random number generator.
[[0;32m  OK  [0m] Started Permit User Sessions.
         Starting Terminate Plymouth Boot Screen...
         Starting Hold until boot process finishes up...
         Starting OpenBSD Secure Shell server...
[[0;32m  OK  [0m] Started Terminate Plymouth Boot Screen.
[[0;32m  OK  [0m] Started Hold until boot process finishes up.
[[0;32m  OK  [0m] Started Getty on tty1.
[[0;32m  OK  [0m] Started Serial Getty on ttyS0.
[[0;32m  OK  [0m] Reached target Login Prompts.
         Starting Set console scheme...
[[0;32m  OK  [0m] Started LSB: Set the CPU Frequency Scaling governor to "ondemand".
[[0;32m  OK  [0m] Started LSB: daemon to balance interrupts for SMP systems.
[[0;32m  OK  [0m] Started Set console scheme.
[[0;32m  OK  [0m] Started OpenBSD Secure Shell server.
[[0;32m  OK  [0m] Started LSB: automatic crash report generation.
[[0;32m  OK  [0m] Started Snap Daemon.
         Starting Wait until snapd is fully seeded...
[[0;32m  OK  [0m] Created slice User Slice of vagrant.
         Starting User Manager for UID 1000...
[[0;32m  OK  [0m] Started Session 1 of user vagrant.
[[0;32m  OK  [0m] Started User Manager for UID 1000.
[[0;32m  OK  [0m] Started Wait until snapd is fully seeded.
         Starting Apply the settings specified in cloud-config...
[[0;32m  OK  [0m] Reached target Multi-User System.
[[0;32m  OK  [0m] Reached target Graphical Interface.
         Starting Update UTMP about System Runlevel Changes...
[[0;32m  OK  [0m] Started Update UTMP about System Runlevel Changes.

Ubuntu 16.04.7 LTS ubuntu-xenial ttyS0

ubuntu-xenial login: [   54.443334] cloud-init[1411]: Generating locales (this might take a while)...
[   56.993836] cloud-init[1411]:   en_US.UTF-8... done
[   56.994588] cloud-init[1411]: Generation complete.
[   58.055763] cloud-init[1411]: Cloud-init v. 20.4.1-0ubuntu1~16.04.1 running 'modules:config' at Sat, 22 May 2021 09:41:07 +0000. Up 54.16 seconds.
ci-info: no authorized SSH keys fingerprints found for user ubuntu.
<14>May 22 09:41:13 ec2: 
<14>May 22 09:41:13 ec2: #############################################################
<14>May 22 09:41:13 ec2: -----BEGIN SSH HOST KEY FINGERPRINTS-----
<14>May 22 09:41:13 ec2: 1024 SHA256:VYcCW969amtvfTid5dHlh8ywx12Qdu6/ApKzTJDQF7w root@ubuntu-xenial (DSA)
<14>May 22 09:41:13 ec2: 256 SHA256:66phXHr4zUNSkAOTgxjZf7TDVINuTea156UO8z/inzw root@ubuntu-xenial (ECDSA)
<14>May 22 09:41:13 ec2: 256 SHA256:mMf8tDUaYVkDMYrrK3i7G/feIzE6U/tGpRe1eU72+XY root@ubuntu-xenial (ED25519)
<14>May 22 09:41:13 ec2: 2048 SHA256:wDiFjtq4LLts4Y9LMOlzyjaJdDYx0Fq9YCBHdxgsNYQ root@ubuntu-xenial (RSA)
<14>May 22 09:41:13 ec2: -----END SSH HOST KEY FINGERPRINTS-----
<14>May 22 09:41:13 ec2: #############################################################
-----BEGIN SSH HOST KEY KEYS-----
ecdsa-sha2-nistp256 AAAAE2VjZHNhLXNoYTItbmlzdHAyNTYAAAAIbmlzdHAyNTYAAABBBGfcAgGeqx7eVlbyhlpcGNTHtKDdjCs9KGCjinX/FCowwqiJ9C9O/n0UbaIwTC8pKS+lqQa672Afwupm34oTrGw= root@ubuntu-xenial
ssh-ed25519 AAAAC3NzaC1lZDI1NTE5AAAAIE9ONmR7xpOPLa4VXftT0czb+a38e2G3E4M3Fec/Uktj root@ubuntu-xenial
ssh-rsa AAAAB3NzaC1yc2EAAAADAQABAAABAQDNIz90CuPBcS5Ww8oBW23GcMd+txrLaGna7ZNOxhReZtVLAVhdJE4Q4Rg2hJkdEMHF9g3wbvJiNE5QXlX4iQi7ya/dHEEnl6J5sKgS9+aGLR1RZu5BMNu+o5F4kcdRHJpd9HT3foHzPtnpmcFaaBhTS1ybNJrXJwuFreaH/LmKuYfzjRHPUBc/QHBminZtvwbSBXX/JXmqZhNpkg3cjxZCFpAzCflVeaaqayY8nT0lgD7ule/IgPGjcm+v8sX6H4J4oB+E7T4moGM6hAibwqPL1FTq7nHk71cK7nipweuFBNYtIKFWSiNtPqexLrFo0TDV6k82O8ATxLroZnsC0Yq7 root@ubuntu-xenial
-----END SSH HOST KEY KEYS-----
[   59.910604] cloud-init[1805]: Cloud-init v. 20.4.1-0ubuntu1~16.04.1 running 'modules:final' at Sat, 22 May 2021 09:41:12 +0000. Up 59.24 seconds.
[   59.911693] cloud-init[1805]: ci-info: no authorized SSH keys fingerprints found for user ubuntu.
[   59.915719] cloud-init[1805]: Cloud-init v. 20.4.1-0ubuntu1~16.04.1 finished at Sat, 22 May 2021 09:41:13 +0000. Datasource DataSourceNoCloud [seed=/dev/sdb][dsmode=net].  Up 59.87 seconds
